Archive member included to satisfy reference by file (symbol)

c:/programy/stm32cubeide_1.8.0/stm32cubeide/plugins/com.st.stm32cube.ide.mcu.externaltools.gnu-tools-for-stm32.10.3-2021.10.win32_1.0.0.202111181127/tools/bin/../lib/gcc/arm-none-eabi/10.3.1/../../../../arm-none-eabi/lib/thumb/v7e-m+fp/hard\libc_nano.a(lib_a-errno.o)
                              ./Core/Src/syscalls.o (__errno)
c:/programy/stm32cubeide_1.8.0/stm32cubeide/plugins/com.st.stm32cube.ide.mcu.externaltools.gnu-tools-for-stm32.10.3-2021.10.win32_1.0.0.202111181127/tools/bin/../lib/gcc/arm-none-eabi/10.3.1/../../../../arm-none-eabi/lib/thumb/v7e-m+fp/hard\libc_nano.a(lib_a-exit.o)
                              c:/programy/stm32cubeide_1.8.0/stm32cubeide/plugins/com.st.stm32cube.ide.mcu.externaltools.gnu-tools-for-stm32.10.3-2021.10.win32_1.0.0.202111181127/tools/bin/../lib/gcc/arm-none-eabi/10.3.1/../../../../arm-none-eabi/lib/thumb/v7e-m+fp/hard/crt0.o (exit)
c:/programy/stm32cubeide_1.8.0/stm32cubeide/plugins/com.st.stm32cube.ide.mcu.externaltools.gnu-tools-for-stm32.10.3-2021.10.win32_1.0.0.202111181127/tools/bin/../lib/gcc/arm-none-eabi/10.3.1/../../../../arm-none-eabi/lib/thumb/v7e-m+fp/hard\libc_nano.a(lib_a-impure.o)
                              c:/programy/stm32cubeide_1.8.0/stm32cubeide/plugins/com.st.stm32cube.ide.mcu.externaltools.gnu-tools-for-stm32.10.3-2021.10.win32_1.0.0.202111181127/tools/bin/../lib/gcc/arm-none-eabi/10.3.1/../../../../arm-none-eabi/lib/thumb/v7e-m+fp/hard\libc_nano.a(lib_a-exit.o) (_global_impure_ptr)
c:/programy/stm32cubeide_1.8.0/stm32cubeide/plugins/com.st.stm32cube.ide.mcu.externaltools.gnu-tools-for-stm32.10.3-2021.10.win32_1.0.0.202111181127/tools/bin/../lib/gcc/arm-none-eabi/10.3.1/../../../../arm-none-eabi/lib/thumb/v7e-m+fp/hard\libc_nano.a(lib_a-init.o)
                              c:/programy/stm32cubeide_1.8.0/stm32cubeide/plugins/com.st.stm32cube.ide.mcu.externaltools.gnu-tools-for-stm32.10.3-2021.10.win32_1.0.0.202111181127/tools/bin/../lib/gcc/arm-none-eabi/10.3.1/../../../../arm-none-eabi/lib/thumb/v7e-m+fp/hard/crt0.o (__libc_init_array)
c:/programy/stm32cubeide_1.8.0/stm32cubeide/plugins/com.st.stm32cube.ide.mcu.externaltools.gnu-tools-for-stm32.10.3-2021.10.win32_1.0.0.202111181127/tools/bin/../lib/gcc/arm-none-eabi/10.3.1/../../../../arm-none-eabi/lib/thumb/v7e-m+fp/hard\libc_nano.a(lib_a-memset.o)
                              c:/programy/stm32cubeide_1.8.0/stm32cubeide/plugins/com.st.stm32cube.ide.mcu.externaltools.gnu-tools-for-stm32.10.3-2021.10.win32_1.0.0.202111181127/tools/bin/../lib/gcc/arm-none-eabi/10.3.1/../../../../arm-none-eabi/lib/thumb/v7e-m+fp/hard/crt0.o (memset)
c:/programy/stm32cubeide_1.8.0/stm32cubeide/plugins/com.st.stm32cube.ide.mcu.externaltools.gnu-tools-for-stm32.10.3-2021.10.win32_1.0.0.202111181127/tools/bin/../lib/gcc/arm-none-eabi/10.3.1/../../../../arm-none-eabi/lib/thumb/v7e-m+fp/hard\libc_nano.a(lib_a-nano-vfprintf_float.o)
                              (_printf_float)
c:/programy/stm32cubeide_1.8.0/stm32cubeide/plugins/com.st.stm32cube.ide.mcu.externaltools.gnu-tools-for-stm32.10.3-2021.10.win32_1.0.0.202111181127/tools/bin/../lib/gcc/arm-none-eabi/10.3.1/../../../../arm-none-eabi/lib/thumb/v7e-m+fp/hard\libc_nano.a(lib_a-nano-vfprintf_i.o)
                              c:/programy/stm32cubeide_1.8.0/stm32cubeide/plugins/com.st.stm32cube.ide.mcu.externaltools.gnu-tools-for-stm32.10.3-2021.10.win32_1.0.0.202111181127/tools/bin/../lib/gcc/arm-none-eabi/10.3.1/../../../../arm-none-eabi/lib/thumb/v7e-m+fp/hard\libc_nano.a(lib_a-nano-vfprintf_float.o) (_printf_common)
c:/programy/stm32cubeide_1.8.0/stm32cubeide/plugins/com.st.stm32cube.ide.mcu.externaltools.gnu-tools-for-stm32.10.3-2021.10.win32_1.0.0.202111181127/tools/bin/../lib/gcc/arm-none-eabi/10.3.1/../../../../arm-none-eabi/lib/thumb/v7e-m+fp/hard\libc_nano.a(lib_a-sprintf.o)
                              ./Core/Src/main.o (sprintf)
c:/programy/stm32cubeide_1.8.0/stm32cubeide/plugins/com.st.stm32cube.ide.mcu.externaltools.gnu-tools-for-stm32.10.3-2021.10.win32_1.0.0.202111181127/tools/bin/../lib/gcc/arm-none-eabi/10.3.1/../../../../arm-none-eabi/lib/thumb/v7e-m+fp/hard\libc_nano.a(lib_a-strlen.o)
                              c:/programy/stm32cubeide_1.8.0/stm32cubeide/plugins/com.st.stm32cube.ide.mcu.externaltools.gnu-tools-for-stm32.10.3-2021.10.win32_1.0.0.202111181127/tools/bin/../lib/gcc/arm-none-eabi/10.3.1/../../../../arm-none-eabi/lib/thumb/v7e-m+fp/hard\libc_nano.a(lib_a-nano-vfprintf_float.o) (strlen)
c:/programy/stm32cubeide_1.8.0/stm32cubeide/plugins/com.st.stm32cube.ide.mcu.externaltools.gnu-tools-for-stm32.10.3-2021.10.win32_1.0.0.202111181127/tools/bin/../lib/gcc/arm-none-eabi/10.3.1/../../../../arm-none-eabi/lib/thumb/v7e-m+fp/hard\libc_nano.a(lib_a-dtoa.o)
[...]
Memory Configuration

Name             Origin             Length             Attributes
RAM              0x0000000020000000 0x0000000000020000 xrw
FLASH            0x0000000008000000 0x0000000000080000 xr
*default*        0x0000000000000000 0xffffffffffffffff

Linker script and memory map

LOAD c:/programy/stm32cubeide_1.8.0/stm32cubeide/plugins/com.st.stm32cube.ide.mcu.externaltools.gnu-tools-for-stm32.10.3-2021.10.win32_1.0.0.202111181127/tools/bin/../lib/gcc/arm-none-eabi/10.3.1/thumb/v7e-m+fp/hard/crti.o
LOAD c:/programy/stm32cubeide_1.8.0/stm32cubeide/plugins/com.st.stm32cube.ide.mcu.externaltools.gnu-tools-for-stm32.10.3-2021.10.win32_1.0.0.202111181127/tools/bin/../lib/gcc/arm-none-eabi/10.3.1/thumb/v7e-m+fp/hard/crtbegin.o
LOAD c:/programy/stm32cubeide_1.8.0/stm32cubeide/plugins/com.st.stm32cube.ide.mcu.externaltools.gnu-tools-for-stm32.10.3-2021.10.win32_1.0.0.202111181127/tools/bin/../lib/gcc/arm-none-eabi/10.3.1/../../../../arm-none-eabi/lib/thumb/v7e-m+fp/hard/crt0.o
LOAD ./Core/Src/My_library/BMP280.o
LOAD ./Core/Src/My_library/GFX.o
LOAD ./Core/Src/My_library/ILI9341.o
LOAD ./Core/Src/My_library/XPT2046.o
LOAD ./Core/Src/dma.o
LOAD ./Core/Src/gpio.o
LOAD ./Core/Src/i2c.o
LOAD ./Core/Src/main.o
LOAD ./Core/Src/sdio.o
LOAD ./Core/Src/spi.o
LOAD ./Core/Src/stm32f4xx_hal_msp.o
LOAD ./Core/Src/stm32f4xx_it.o
LOAD ./Core/Src/syscalls.o
LOAD ./Core/Src/sysmem.o
LOAD ./Core/Src/system_stm32f4xx.o
LOAD ./Core/Src/usart.o
LOAD ./Core/Startup/startup_stm32f411retx.o
LOAD ./Drivers/STM32F4xx_HAL_Driver/Src/stm32f4xx_hal.o
LOAD ./Drivers/STM32F4xx_HAL_Driver/Src/stm32f4xx_hal_cortex.o
LOAD ./Drivers/STM32F4xx_HAL_Driver/Src/stm32f4xx_hal_dma.o
LOAD ./Drivers/STM32F4xx_HAL_Driver/Src/stm32f4xx_hal_dma_ex.o
LOAD ./Drivers/STM32F4xx_HAL_Driver/Src/stm32f4xx_hal_exti.o
LOAD ./Drivers/STM32F4xx_HAL_Driver/Src/stm32f4xx_hal_flash.o
LOAD ./Drivers/STM32F4xx_HAL_Driver/Src/stm32f4xx_hal_flash_ex.o
LOAD ./Drivers/STM32F4xx_HAL_Driver/Src/stm32f4xx_hal_flash_ramfunc.o
LOAD ./Drivers/STM32F4xx_HAL_Driver/Src/stm32f4xx_hal_gpio.o
LOAD ./Drivers/STM32F4xx_HAL_Driver/Src/stm32f4xx_hal_i2c.o
LOAD ./Drivers/STM32F4xx_HAL_Driver/Src/stm32f4xx_hal_i2c_ex.o
LOAD ./Drivers/STM32F4xx_HAL_Driver/Src/stm32f4xx_hal_pwr.o
LOAD ./Drivers/STM32F4xx_HAL_Driver/Src/stm32f4xx_hal_pwr_ex.o
LOAD ./Drivers/STM32F4xx_HAL_Driver/Src/stm32f4xx_hal_rcc.o
LOAD ./Drivers/STM32F4xx_HAL_Driver/Src/stm32f4xx_hal_rcc_ex.o
LOAD ./Drivers/STM32F4xx_HAL_Driver/Src/stm32f4xx_hal_sd.o
LOAD ./Drivers/STM32F4xx_HAL_Driver/Src/stm32f4xx_hal_spi.o
LOAD ./Drivers/STM32F4xx_HAL_Driver/Src/stm32f4xx_hal_tim.o
LOAD ./Drivers/STM32F4xx_HAL_Driver/Src/stm32f4xx_hal_tim_ex.o
LOAD ./Drivers/STM32F4xx_HAL_Driver/Src/stm32f4xx_hal_uart.o
LOAD ./Drivers/STM32F4xx_HAL_Driver/Src/stm32f4xx_ll_sdmmc.o
LOAD ./FATFS/App/fatfs.o
LOAD ./FATFS/Target/bsp_driver_sd.o
LOAD ./FATFS/Target/sd_diskio.o
LOAD ./Middlewares/Third_Party/FatFs/src/diskio.o
LOAD ./Middlewares/Third_Party/FatFs/src/ff.o
LOAD ./Middlewares/Third_Party/FatFs/src/ff_gen_drv.o
LOAD ./Middlewares/Third_Party/FatFs/src/option/syscall.o
START GROUP
LOAD c:/programy/stm32cubeide_1.8.0/stm32cubeide/plugins/com.st.stm32cube.ide.mcu.externaltools.gnu-tools-for-stm32.10.3-2021.10.win32_1.0.0.202111181127/tools/bin/../lib/gcc/arm-none-eabi/10.3.1/../../../../arm-none-eabi/lib/thumb/v7e-m+fp/hard\libc_nano.a
LOAD c:/programy/stm32cubeide_1.8.0/stm32cubeide/plugins/com.st.stm32cube.ide.mcu.externaltools.gnu-tools-for-stm32.10.3-2021.10.win32_1.0.0.202111181127/tools/bin/../lib/gcc/arm-none-eabi/10.3.1/../../../../arm-none-eabi/lib/thumb/v7e-m+fp/hard\libm.a
END GROUP
START GROUP
LOAD c:/programy/stm32cubeide_1.8.0/stm32cubeide/plugins/com.st.stm32cube.ide.mcu.externaltools.gnu-tools-for-stm32.10.3-2021.10.win32_1.0.0.202111181127/tools/bin/../lib/gcc/arm-none-eabi/10.3.1/thumb/v7e-m+fp/hard\libgcc.a
LOAD c:/programy/stm32cubeide_1.8.0/stm32cubeide/plugins/com.st.stm32cube.ide.mcu.externaltools.gnu-tools-for-stm32.10.3-2021.10.win32_1.0.0.202111181127/tools/bin/../lib/gcc/arm-none-eabi/10.3.1/../../../../arm-none-eabi/lib/thumb/v7e-m+fp/hard\libc_nano.a
END GROUP
START GROUP
LOAD c:/programy/stm32cubeide_1.8.0/stm32cubeide/plugins/com.st.stm32cube.ide.mcu.externaltools.gnu-tools-for-stm32.10.3-2021.10.win32_1.0.0.202111181127/tools/bin/../lib/gcc/arm-none-eabi/10.3.1/thumb/v7e-m+fp/hard\libgcc.a
LOAD c:/programy/stm32cubeide_1.8.0/stm32cubeide/plugins/com.st.stm32cube.ide.mcu.externaltools.gnu-tools-for-stm32.10.3-2021.10.win32_1.0.0.202111181127/tools/bin/../lib/gcc/arm-none-eabi/10.3.1/../../../../arm-none-eabi/lib/thumb/v7e-m+fp/hard\libc_nano.a
LOAD c:/programy/stm32cubeide_1.8.0/stm32cubeide/plugins/com.st.stm32cube.ide.mcu.externaltools.gnu-tools-for-stm32.10.3-2021.10.win32_1.0.0.202111181127/tools/bin/../lib/gcc/arm-none-eabi/10.3.1/../../../../arm-none-eabi/lib/thumb/v7e-m+fp/hard\libnosys.a
END GROUP
START GROUP
LOAD c:/programy/stm32cubeide_1.8.0/stm32cubeide/plugins/com.st.stm32cube.ide.mcu.externaltools.gnu-tools-for-stm32.10.3-2021.10.win32_1.0.0.202111181127/tools/bin/../lib/gcc/arm-none-eabi/10.3.1/thumb/v7e-m+fp/hard\libgcc.a
LOAD c:/programy/stm32cubeide_1.8.0/stm32cubeide/plugins/com.st.stm32cube.ide.mcu.externaltools.gnu-tools-for-stm32.10.3-2021.10.win32_1.0.0.202111181127/tools/bin/../lib/gcc/arm-none-eabi/10.3.1/../../../../arm-none-eabi/lib/thumb/v7e-m+fp/hard\libc_nano.a
LOAD c:/programy/stm32cubeide_1.8.0/stm32cubeide/plugins/com.st.stm32cube.ide.mcu.externaltools.gnu-tools-for-stm32.10.3-2021.10.win32_1.0.0.202111181127/tools/bin/../lib/gcc/arm-none-eabi/10.3.1/../../../../arm-none-eabi/lib/thumb/v7e-m+fp/hard\libnosys.a
END GROUP
LOAD c:/programy/stm32cubeide_1.8.0/stm32cubeide/plugins/com.st.stm32cube.ide.mcu.externaltools.gnu-tools-for-stm32.10.3-2021.10.win32_1.0.0.202111181127/tools/bin/../lib/gcc/arm-none-eabi/10.3.1/thumb/v7e-m+fp/hard/crtend.o
LOAD c:/programy/stm32cubeide_1.8.0/stm32cubeide/plugins/com.st.stm32cube.ide.mcu.externaltools.gnu-tools-for-stm32.10.3-2021.10.win32_1.0.0.202111181127/tools/bin/../lib/gcc/arm-none-eabi/10.3.1/thumb/v7e-m+fp/hard/crtn.o
                0x0000000020020000                _estack = (ORIGIN (RAM) + LENGTH (RAM))
                0x0000000000000200                _Min_Heap_Size = 0x200
                0x0000000000000400                _Min_Stack_Size = 0x400

.isr_vector     0x0000000008000000      0x198
                0x0000000008000000                . = ALIGN (0x4)
 *(.isr_vector)
 .isr_vector    0x0000000008000000      0x198 ./Core/Startup/startup_stm32f411retx.o
                0x0000000008000000                g_pfnVectors
                0x0000000008000198                . = ALIGN (0x4)

.text           0x00000000080001a0     0xe758
                0x00000000080001a0                . = ALIGN (0x4)
 *(.text)
 .text          0x00000000080001a0       0x40 c:/programy/stm32cubeide_1.8.0/stm32cubeide/plugins/com.st.stm32cube.ide.mcu.externaltools.gnu-tools-for-stm32.10.3-2021.10.win32_1.0.0.202111181127/tools/bin/../lib/gcc/arm-none-eabi/10.3.1/thumb/v7e-m+fp/hard/crtbegin.o
 .text          0x00000000080001e0       0x10 c:/programy/stm32cubeide_1.8.0/stm32cubeide/plugins/com.st.stm32cube.ide.mcu.externaltools.gnu-tools-for-stm32.10.3-2021.10.win32_1.0.0.202111181127/tools/bin/../lib/gcc/arm-none-eabi/10.3.1/../../../../arm-none-eabi/lib/thumb/v7e-m+fp/hard\libc_nano.a(lib_a-strlen.o)
                0x00000000080001e0                strlen
 .text          0x00000000080001f0       0xa0 c:/programy/stm32cubeide_1.8.0/stm32cubeide/plugins/com.st.stm32cube.ide.mcu.externaltools.gnu-tools-for-stm32.10.3-2021.10.win32_1.0.0.202111181127/tools/bin/../lib/gcc/arm-none-eabi/10.3.1/../../../../arm-none-eabi/lib/thumb/v7e-m+fp/hard\libc_nano.a(lib_a-memchr.o)
                0x00000000080001f0                memchr
 .text          0x0000000008000290      0x378 c:/programy/stm32cubeide_1.8.0/stm32cubeide/plugins/com.st.stm32cube.ide.mcu.externaltools.gnu-tools-for-stm32.10.3-2021.10.win32_1.0.0.202111181127/tools/bin/../lib/gcc/arm-none-eabi/10.3.1/thumb/v7e-m+fp/hard\libgcc.a(_arm_addsubdf3.o)
                0x0000000008000290                __aeabi_drsub
                0x0000000008000298                __aeabi_dsub
                0x0000000008000298                __subdf3
                0x000000000800029c                __aeabi_dadd
                0x000000000800029c                __adddf3
                0x0000000008000514                __floatunsidf
                0x0000000008000514                __aeabi_ui2d
                0x0000000008000534                __floatsidf
                0x0000000008000534                __aeabi_i2d
                0x0000000008000558                __aeabi_f2d
                0x0000000008000558                __extendsfdf2
                0x000000000800059c                __floatundidf
                0x000000000800059c                __aeabi_ul2d
                0x00000000080005ac                __floatdidf
                0x00000000080005ac                __aeabi_l2d
 .text          0x0000000008000608      0x424 c:/programy/stm32cubeide_1.8.0/stm32cubeide/plugins/com.st.stm32cube.ide.mcu.externaltools.gnu-tools-for-stm32.10.3-2021.10.win32_1.0.0.202111181127/tools/bin/../lib/gcc/arm-none-eabi/10.3.1/thumb/v7e-m+fp/hard\libgcc.a(_arm_muldivdf3.o)
                0x0000000008000608                __aeabi_dmul
                0x0000000008000608                __muldf3
                0x000000000800085c                __divdf3
                0x000000000800085c                __aeabi_ddiv
 .text          0x0000000008000a2c      0x110 c:/programy/stm32cubeide_1.8.0/stm32cubeide/plugins/com.st.stm32cube.ide.mcu.externaltools.gnu-tools-for-stm32.10.3-2021.10.win32_1.0.0.202111181127/tools/bin/../lib/gcc/arm-none-eabi/10.3.1/thumb/v7e-m+fp/hard\libgcc.a(_arm_cmpdf2.o)
                0x0000000008000a2c                __gtdf2
                0x0000000008000a2c                __gedf2
                0x0000000008000a34                __ltdf2
                0x0000000008000a34                __ledf2
                0x0000000008000a3c                __nedf2
                0x0000000008000a3c                __eqdf2
                0x0000000008000a3c                __cmpdf2
                0x0000000008000ab8                __aeabi_cdrcmple
                0x0000000008000ac8                __aeabi_cdcmpeq
                0x0000000008000ac8                __aeabi_cdcmple
                0x0000000008000ad8                __aeabi_dcmpeq
                0x0000000008000aec                __aeabi_dcmplt
                0x0000000008000b00                __aeabi_dcmple
                0x0000000008000b14                __aeabi_dcmpge
                0x0000000008000b28                __aeabi_dcmpgt
 .text          0x0000000008000b3c       0x2c c:/programy/stm32cubeide_1.8.0/stm32cubeide/plugins/com.st.stm32cube.ide.mcu.externaltools.gnu-tools-for-stm32.10.3-2021.10.win32_1.0.0.202111181127/tools/bin/../lib/gcc/arm-none-eabi/10.3.1/thumb/v7e-m+fp/hard\libgcc.a(_arm_unorddf2.o)
                0x0000000008000b3c                __unorddf2
                0x0000000008000b3c                __aeabi_dcmpun
 .text          0x0000000008000b68       0x50 c:/programy/stm32cubeide_1.8.0/stm32cubeide/plugins/com.st.stm32cube.ide.mcu.externaltools.gnu-tools-for-stm32.10.3-2021.10.win32_1.0.0.202111181127/tools/bin/../lib/gcc/arm-none-eabi/10.3.1/thumb/v7e-m+fp/hard\libgcc.a(_arm_fixdfsi.o)
                0x0000000008000b68                __aeabi_d2iz
                0x0000000008000b68                __fixdfsi
 .text          0x0000000008000bb8       0x40 c:/programy/stm32cubeide_1.8.0/stm32cubeide/plugins/com.st.stm32cube.ide.mcu.externaltools.gnu-tools-for-stm32.10.3-2021.10.win32_1.0.0.202111181127/tools/bin/../lib/gcc/arm-none-eabi/10.3.1/thumb/v7e-m+fp/hard\libgcc.a(_arm_fixunsdfsi.o)
                0x0000000008000bb8                __aeabi_d2uiz
                0x0000000008000bb8                __fixunsdfsi
 .text          0x0000000008000bf8       0xa0 c:/programy/stm32cubeide_1.8.0/stm32cubeide/plugins/com.st.stm32cube.ide.mcu.externaltools.gnu-tools-for-stm32.10.3-2021.10.win32_1.0.0.202111181127/tools/bin/../lib/gcc/arm-none-eabi/10.3.1/thumb/v7e-m+fp/hard\libgcc.a(_arm_truncdfsf2.o)
                0x0000000008000bf8                __truncdfsf2
                0x0000000008000bf8                __aeabi_d2f
 .text          0x0000000008000c98       0x30 c:/programy/stm32cubeide_1.8.0/stm32cubeide/plugins/com.st.stm32cube.ide.mcu.externaltools.gnu-tools-for-stm32.10.3-2021.10.win32_1.0.0.202111181127/tools/bin/../lib/gcc/arm-none-eabi/10.3.1/thumb/v7e-m+fp/hard\libgcc.a(_aeabi_uldivmod.o)
                0x0000000008000c98                __aeabi_uldivmod
 .text          0x0000000008000cc8      0x2d0 c:/programy/stm32cubeide_1.8.0/stm32cubeide/plugins/com.st.stm32cube.ide.mcu.externaltools.gnu-tools-for-stm32.10.3-2021.10.win32_1.0.0.202111181127/tools/bin/../lib/gcc/arm-none-eabi/10.3.1/thumb/v7e-m+fp/hard\libgcc.a(_udivmoddi4.o)
                0x0000000008000cc8                __udivmoddi4
 .text          0x0000000008000f98        0x4 c:/programy/stm32cubeide_1.8.0/stm32cubeide/plugins/com.st.stm32cube.ide.mcu.externaltools.gnu-tools-for-stm32.10.3-2021.10.win32_1.0.0.202111181127/tools/bin/../lib/gcc/arm-none-eabi/10.3.1/thumb/v7e-m+fp/hard\libgcc.a(_dvmd_tls.o)
                0x0000000008000f98                __aeabi_idiv0
                0x0000000008000f98                __aeabi_ldiv0
 *(.text*)
 .text.Read8bit
                0x0000000008000f9c       0x38 ./Core/Src/My_library/BMP280.o
 .text.Write8bit
                0x0000000008000fd4       0x3c ./Core/Src/My_library/BMP280.o
 .text.Read16bit
                0x0000000008001010       0x48 ./Core/Src/My_library/BMP280.o
 .text.Read24bit
                0x0000000008001058       0x48 ./Core/Src/My_library/BMP280.o
 .text.BMP280_SetMode
                0x00000000080010a0       0x40 ./Core/Src/My_library/BMP280.o
                0x00000000080010a0                BMP280_SetMode
 .text.BMP280_SetTemperature
                0x00000000080010e0       0x48 ./Core/Src/My_library/BMP280.o
                0x00000000080010e0                BMP280_SetTemperature
 .text.BMP280_SetPressure
                0x0000000008001128       0x48 ./Core/Src/My_library/BMP280.o
                0x0000000008001128                BMP280_SetPressure
 .text.BMP280_ReadTemperature
                0x0000000008001170       0xb4 ./Core/Src/My_library/BMP280.o
                0x0000000008001170                BMP280_ReadTemperature
 .text.BMP280_ReadPressureTemp
                0x0000000008001224      0x1a0 ./Core/Src/My_library/BMP280.o
                0x0000000008001224                BMP280_ReadPressureTemp
 .text.BMP280_Init
                0x00000000080013c4      0x11c ./Core/Src/My_library/BMP280.o
                0x00000000080013c4                BMP280_Init
 .text.GFX_SetFont
                0x00000000080014e0       0x20 ./Core/Src/My_library/GFX.o
                0x00000000080014e0                GFX_SetFont
 .text.GFX_SetFontSize
                0x0000000008001500       0x28 ./Core/Src/My_library/GFX.o
                0x0000000008001500                GFX_SetFontSize
 .text.GFX_DrawChar
                0x0000000008001528       0xfc ./Core/Src/My_library/GFX.o
                0x0000000008001528                GFX_DrawChar
 .text.GFX_DrawString
                0x0000000008001624       0x64 ./Core/Src/My_library/GFX.o
                0x0000000008001624                GFX_DrawString
 .text.GFX_WriteLine
                0x0000000008001688      0x11a ./Core/Src/My_library/GFX.o
                0x0000000008001688                GFX_WriteLine
 .text.GFX_DrawFastVLine
                0x00000000080017a2       0x2e ./Core/Src/My_library/GFX.o
                0x00000000080017a2                GFX_DrawFastVLine
 .text.GFX_DrawFastHLine
                0x00000000080017d0       0x2c ./Core/Src/My_library/GFX.o
                0x00000000080017d0                GFX_DrawFastHLine
 .text.GFX_DrawLine
                0x00000000080017fc       0x86 ./Core/Src/My_library/GFX.o
                0x00000000080017fc                GFX_DrawLine
 .text.GFX_DrawRectangle
                0x0000000008001882       0x5a ./Core/Src/My_library/GFX.o
                0x0000000008001882                GFX_DrawRectangle
 .text.GFX_DrawFillRectangle
                0x00000000080018dc       0x44 ./Core/Src/My_library/GFX.o
                0x00000000080018dc                GFX_DrawFillRectangle
 .text.GFX_DrawCircle
                0x0000000008001920      0x1f8 ./Core/Src/My_library/GFX.o
                0x0000000008001920                GFX_DrawCircle
 .text.Transmit_To_TFT
                0x0000000008001b18       0x28 ./Core/Src/My_library/ILI9341.o
 .text.TFT_Send_Command
                0x0000000008001b40       0x2c ./Core/Src/My_library/ILI9341.o
 .text.Send_Command_Data
                0x0000000008001b6c       0x48 ./Core/Src/My_library/ILI9341.o
 .text.TFT_ILI9341_Set_Addr_Window
                0x0000000008001bb4       0x9a ./Core/Src/My_library/ILI9341.o
 *fill*         0x0000000008001c4e        0x2 
 .text.TFT_Clear_Screen
                0x0000000008001c50       0xa4 ./Core/Src/My_library/ILI9341.o
                0x0000000008001c50                TFT_Clear_Screen
 .text.TFT_Draw_Pixel
                0x0000000008001cf4       0x66 ./Core/Src/My_library/ILI9341.o
                0x0000000008001cf4                TFT_Draw_Pixel
 *fill*         0x0000000008001d5a        0x2 
 .text.TFT_Set_Rotation
                0x0000000008001d5c       0x5c ./Core/Src/My_library/ILI9341.o
                0x0000000008001d5c                TFT_Set_Rotation
 .text.TFT_ILI9341_Init
                0x0000000008001db8       0x98 ./Core/Src/My_library/ILI9341.o
                0x0000000008001db8                TFT_ILI9341_Init
 .text.TP_Task  0x0000000008001e50       0xb8 ./Core/Src/My_library/XPT2046.o
                0x0000000008001e50                TP_Task
 .text.TP_IRQ   0x0000000008001f08       0x18 ./Core/Src/My_library/XPT2046.o
                0x0000000008001f08                TP_IRQ
 .text.TP_ADC_to_Pixels
                0x0000000008001f20      0x130 ./Core/Src/My_library/XPT2046.o
                0x0000000008001f20                TP_ADC_to_Pixels
 .text.TP_Is_Touched
                0x0000000008002050       0x24 ./Core/Src/My_library/XPT2046.o
                0x0000000008002050                TP_Is_Touched
 .text.TP_Get_Point
                0x0000000008002074       0x2c ./Core/Src/My_library/XPT2046.o
                0x0000000008002074                TP_Get_Point
 .text.XPT2046_Init
                0x00000000080020a0       0xa4 ./Core/Src/My_library/XPT2046.o
                0x00000000080020a0                XPT2046_Init
 .text.MX_DMA_Init
                0x0000000008002144       0x50 ./Core/Src/dma.o
                0x0000000008002144                MX_DMA_Init
 .text.MX_GPIO_Init
                0x0000000008002194      0x12c ./Core/Src/gpio.o
                0x0000000008002194                MX_GPIO_Init
 .text.MX_I2C1_Init
                0x00000000080022c0       0x5c ./Core/Src/i2c.o
                0x00000000080022c0                MX_I2C1_Init
 .text.HAL_I2C_MspInit
                0x000000000800231c       0x90 ./Core/Src/i2c.o
                0x000000000800231c                HAL_I2C_MspInit
 .text.main     0x00000000080023ac      0x258 ./Core/Src/main.o
                0x00000000080023ac                main
 .text.SystemClock_Config
                0x0000000008002604       0xd0 ./Core/Src/main.o
                0x0000000008002604                SystemClock_Config
 .text.MX_NVIC_Init
                0x00000000080026d4       0x18 ./Core/Src/main.o
 .text.HAL_GPIO_EXTI_Callback
                0x00000000080026ec       0x1c ./Core/Src/main.o
                0x00000000080026ec                HAL_GPIO_EXTI_Callback
 .text.Move_to_Left_RAW
                0x0000000008002708       0x42 ./Core/Src/main.o
 .text.Move_to_Left
                0x000000000800274a       0xf2 ./Core/Src/main.o
 *fill*         0x000000000800283c        0x4 
 .text.Measurement_to_Pixel
                0x0000000008002840       0xf4 ./Core/Src/main.o
 .text.Draw_Chart
                0x0000000008002934       0xc6 ./Core/Src/main.o
 *fill*         0x00000000080029fa        0x2 
 .text.Save_to_SD
                0x00000000080029fc      0x2ec ./Core/Src/main.o
                0x00000000080029fc                Save_to_SD
 .text.Draw_Buttons
                0x0000000008002ce8      0x12c ./Core/Src/main.o
                0x0000000008002ce8                Draw_Buttons
 .text.Draw_Axes
                0x0000000008002e14      0x160 ./Core/Src/main.o
                0x0000000008002e14                Draw_Axes
 .text.Measurements
                0x0000000008002f74       0xf0 ./Core/Src/main.o
                0x0000000008002f74                Measurements
 .text.Error_Handler
                0x0000000008003064        0xa ./Core/Src/main.o
                0x0000000008003064                Error_Handler
 *fill*         0x000000000800306e        0x2 
 .text.MX_SDIO_SD_Init
                0x0000000008003070       0x40 ./Core/Src/sdio.o
                0x0000000008003070                MX_SDIO_SD_Init
 .text.HAL_SD_MspInit
                0x00000000080030b0      0x224 ./Core/Src/sdio.o
                0x00000000080030b0                HAL_SD_MspInit
 .text.MX_SPI1_Init
                0x00000000080032d4       0x6c ./Core/Src/spi.o
                0x00000000080032d4                MX_SPI1_Init
 .text.MX_SPI2_Init
                0x0000000008003340       0x6c ./Core/Src/spi.o
                0x0000000008003340                MX_SPI2_Init
 .text.HAL_SPI_MspInit
                0x00000000080033ac      0x13c ./Core/Src/spi.o
                0x00000000080033ac                HAL_SPI_MspInit
 .text.HAL_MspInit
                0x00000000080034e8       0x50 ./Core/Src/stm32f4xx_hal_msp.o
                0x00000000080034e8                HAL_MspInit
 .text.NMI_Handler
                0x0000000008003538        0x6 ./Core/Src/stm32f4xx_it.o
                0x0000000008003538                NMI_Handler
 .text.HardFault_Handler
                0x000000000800353e        0x6 ./Core/Src/stm32f4xx_it.o
                0x000000000800353e                HardFault_Handler
 .text.MemManage_Handler
                0x0000000008003544        0x6 ./Core/Src/stm32f4xx_it.o
                0x0000000008003544                MemManage_Handler
 .text.BusFault_Handler
                0x000000000800354a        0x6 ./Core/Src/stm32f4xx_it.o
                0x000000000800354a                BusFault_Handler
 .text.UsageFault_Handler
                0x0000000008003550        0x6 ./Core/Src/stm32f4xx_it.o
                0x0000000008003550                UsageFault_Handler
 .text.SVC_Handler
                0x0000000008003556        0xe ./Core/Src/stm32f4xx_it.o
                0x0000000008003556                SVC_Handler
 .text.DebugMon_Handler
                0x0000000008003564        0xe ./Core/Src/stm32f4xx_it.o
                0x0000000008003564                DebugMon_Handler
 .text.PendSV_Handler
                0x0000000008003572        0xe ./Core/Src/stm32f4xx_it.o
                0x0000000008003572                PendSV_Handler
 .text.SysTick_Handler
                0x0000000008003580        0xc ./Core/Src/stm32f4xx_it.o
                0x0000000008003580                SysTick_Handler
 .text.EXTI0_IRQHandler
                0x000000000800358c        0xe ./Core/Src/stm32f4xx_it.o
                0x000000000800358c                EXTI0_IRQHandler
 *fill*         0x000000000800359a        0x2 
 .text.SDIO_IRQHandler
                0x000000000800359c       0x14 ./Core/Src/stm32f4xx_it.o
                0x000000000800359c                SDIO_IRQHandler
 .text.DMA2_Stream3_IRQHandler
                0x00000000080035b0       0x14 ./Core/Src/stm32f4xx_it.o
                0x00000000080035b0                DMA2_Stream3_IRQHandler
 .text.DMA2_Stream6_IRQHandler
                0x00000000080035c4       0x14 ./Core/Src/stm32f4xx_it.o
                0x00000000080035c4                DMA2_Stream6_IRQHandler
 .text._getpid  0x00000000080035d8       0x10 ./Core/Src/syscalls.o
                0x00000000080035d8                _getpid
 .text._kill    0x00000000080035e8       0x20 ./Core/Src/syscalls.o
                0x00000000080035e8                _kill
 .text._exit    0x0000000008003608       0x14 ./Core/Src/syscalls.o
                0x0000000008003608                _exit
 .text._read    0x000000000800361c       0x3a ./Core/Src/syscalls.o
                0x000000000800361c                _read
 .text._write   0x0000000008003656       0x38 ./Core/Src/syscalls.o
                0x0000000008003656                _write
 .text._close   0x000000000800368e       0x18 ./Core/Src/syscalls.o
                0x000000000800368e                _close
 .text._fstat   0x00000000080036a6       0x20 ./Core/Src/syscalls.o
                0x00000000080036a6                _fstat
 .text._isatty  0x00000000080036c6       0x16 ./Core/Src/syscalls.o
                0x00000000080036c6                _isatty
 .text._lseek   0x00000000080036dc       0x1a ./Core/Src/syscalls.o
                0x00000000080036dc                _lseek
 *fill*         0x00000000080036f6        0x2 
 .text._sbrk    0x00000000080036f8       0x6c ./Core/Src/sysmem.o
                0x00000000080036f8                _sbrk
 .text.SystemInit
                0x0000000008003764       0x24 ./Core/Src/system_stm32f4xx.o
                0x0000000008003764                SystemInit
 .text.MX_USART2_UART_Init
                0x0000000008003788       0x54 ./Core/Src/usart.o
                0x0000000008003788                MX_USART2_UART_Init
 .text.HAL_UART_MspInit
                0x00000000080037dc       0x90 ./Core/Src/usart.o
                0x00000000080037dc                HAL_UART_MspInit
 .text.Reset_Handler
                0x000000000800386c       0x50 ./Core/Startup/startup_stm32f411retx.o
                0x000000000800386c                Reset_Handler
 .text.Default_Handler
                0x00000000080038bc        0x2 ./Core/Startup/startup_stm32f411retx.o
                0x00000000080038bc                RTC_Alarm_IRQHandler
                0x00000000080038bc                EXTI2_IRQHandler
                0x00000000080038bc                SPI4_IRQHandler
                0x00000000080038bc                TIM1_CC_IRQHandler
                0x00000000080038bc                DMA2_Stream5_IRQHandler
                0x00000000080038bc                DMA1_Stream5_IRQHandler
                0x00000000080038bc                PVD_IRQHandler
                0x00000000080038bc                TAMP_STAMP_IRQHandler
                0x00000000080038bc                EXTI3_IRQHandler
                0x00000000080038bc                TIM1_UP_TIM10_IRQHandler
                0x00000000080038bc                I2C3_ER_IRQHandler
                0x00000000080038bc                I2C2_EV_IRQHandler
                0x00000000080038bc                DMA1_Stream2_IRQHandler
                0x00000000080038bc                FPU_IRQHandler
                0x00000000080038bc                DMA2_Stream2_IRQHandler
                0x00000000080038bc                SPI1_IRQHandler
                0x00000000080038bc                TIM1_BRK_TIM9_IRQHandler
                0x00000000080038bc                USART6_IRQHandler
                0x00000000080038bc                DMA2_Stream0_IRQHandler
                0x00000000080038bc                TIM4_IRQHandler
                0x00000000080038bc                I2C1_EV_IRQHandler
                0x00000000080038bc                DMA1_Stream6_IRQHandler
                0x00000000080038bc                DMA1_Stream1_IRQHandler
                0x00000000080038bc                TIM3_IRQHandler
                0x00000000080038bc                RCC_IRQHandler
                0x00000000080038bc                Default_Handler
                0x00000000080038bc                EXTI15_10_IRQHandler
                0x00000000080038bc                ADC_IRQHandler
                0x00000000080038bc                DMA1_Stream7_IRQHandler
                0x00000000080038bc                SPI5_IRQHandler
                0x00000000080038bc                TIM5_IRQHandler
                0x00000000080038bc                DMA2_Stream7_IRQHandler
                0x00000000080038bc                I2C3_EV_IRQHandler
                0x00000000080038bc                EXTI9_5_IRQHandler
                0x00000000080038bc                RTC_WKUP_IRQHandler
                0x00000000080038bc                SPI2_IRQHandler
                0x00000000080038bc                DMA1_Stream0_IRQHandler
                0x00000000080038bc                EXTI4_IRQHandler
                0x00000000080038bc                WWDG_IRQHandler
                0x00000000080038bc                TIM2_IRQHandler
                0x00000000080038bc                OTG_FS_WKUP_IRQHandler
                0x00000000080038bc                TIM1_TRG_COM_TIM11_IRQHandler
                0x00000000080038bc                EXTI1_IRQHandler
                0x00000000080038bc                USART2_IRQHandler
                0x00000000080038bc                I2C2_ER_IRQHandler
                0x00000000080038bc                DMA2_Stream1_IRQHandler
                0x00000000080038bc                FLASH_IRQHandler
                0x00000000080038bc                DMA2_Stream4_IRQHandler
                0x00000000080038bc                USART1_IRQHandler
                0x00000000080038bc                OTG_FS_IRQHandler
                0x00000000080038bc                SPI3_IRQHandler
                0x00000000080038bc                DMA1_Stream4_IRQHandler
                0x00000000080038bc                I2C1_ER_IRQHandler
                0x00000000080038bc                DMA1_Stream3_IRQHandler
 *fill*         0x00000000080038be        0x2 
 .text.HAL_Init
                0x00000000080038c0       0x44 ./Drivers/STM32F4xx_HAL_Driver/Src/stm32f4xx_hal.o
                0x00000000080038c0                HAL_Init
 .text.HAL_InitTick
                0x0000000008003904       0x60 ./Drivers/STM32F4xx_HAL_Driver/Src/stm32f4xx_hal.o
                0x0000000008003904                HAL_InitTick
 .text.HAL_IncTick
                0x0000000008003964       0x28 ./Drivers/STM32F4xx_HAL_Driver/Src/stm32f4xx_hal.o
                0x0000000008003964                HAL_IncTick
 .text.HAL_GetTick
                0x000000000800398c       0x18 ./Drivers/STM32F4xx_HAL_Driver/Src/stm32f4xx_hal.o
                0x000000000800398c                HAL_GetTick
 .text.HAL_Delay
                0x00000000080039a4       0x48 ./Drivers/STM32F4xx_HAL_Driver/Src/stm32f4xx_hal.o
                0x00000000080039a4                HAL_Delay
 .text.__NVIC_SetPriorityGrouping
                0x00000000080039ec       0x48 ./Drivers/STM32F4xx_HAL_Driver/Src/stm32f4xx_hal_cortex.o
 .text.__NVIC_GetPriorityGrouping
                0x0000000008003a34       0x1c ./Drivers/STM32F4xx_HAL_Driver/Src/stm32f4xx_hal_cortex.o
 .text.__NVIC_EnableIRQ
                0x0000000008003a50       0x3c ./Drivers/STM32F4xx_HAL_Driver/Src/stm32f4xx_hal_cortex.o
 .text.__NVIC_DisableIRQ
                0x0000000008003a8c       0x48 ./Drivers/STM32F4xx_HAL_Driver/Src/stm32f4xx_hal_cortex.o
 .text.__NVIC_GetPendingIRQ
                0x0000000008003ad4       0x44 ./Drivers/STM32F4xx_HAL_Driver/Src/stm32f4xx_hal_cortex.o
 .text.__NVIC_ClearPendingIRQ
                0x0000000008003b18       0x3c ./Drivers/STM32F4xx_HAL_Driver/Src/stm32f4xx_hal_cortex.o
 .text.__NVIC_SetPriority
                0x0000000008003b54       0x54 ./Drivers/STM32F4xx_HAL_Driver/Src/stm32f4xx_hal_cortex.o
 .text.NVIC_EncodePriority
                0x0000000008003ba8       0x66 ./Drivers/STM32F4xx_HAL_Driver/Src/stm32f4xx_hal_cortex.o
 *fill*         0x0000000008003c0e        0x2 
 .text.SysTick_Config
                0x0000000008003c10       0x44 ./Drivers/STM32F4xx_HAL_Driver/Src/stm32f4xx_hal_cortex.o
 .text.HAL_NVIC_SetPriorityGrouping
                0x0000000008003c54       0x16 ./Drivers/STM32F4xx_HAL_Driver/Src/stm32f4xx_hal_cortex.o
                0x0000000008003c54                HAL_NVIC_SetPriorityGrouping
 .text.HAL_NVIC_SetPriority
                0x0000000008003c6a       0x38 ./Drivers/STM32F4xx_HAL_Driver/Src/stm32f4xx_hal_cortex.o
                0x0000000008003c6a                HAL_NVIC_SetPriority
 .text.HAL_NVIC_EnableIRQ
                0x0000000008003ca2       0x1c ./Drivers/STM32F4xx_HAL_Driver/Src/stm32f4xx_hal_cortex.o
                0x0000000008003ca2                HAL_NVIC_EnableIRQ
 .text.HAL_NVIC_DisableIRQ
                0x0000000008003cbe       0x1c ./Drivers/STM32F4xx_HAL_Driver/Src/stm32f4xx_hal_cortex.o
                0x0000000008003cbe                HAL_NVIC_DisableIRQ
 .text.HAL_SYSTICK_Config
                0x0000000008003cda       0x18 ./Drivers/STM32F4xx_HAL_Driver/Src/stm32f4xx_hal_cortex.o
                0x0000000008003cda                HAL_SYSTICK_Config
 .text.HAL_NVIC_GetPendingIRQ
                0x0000000008003cf2       0x1e ./Drivers/STM32F4xx_HAL_Driver/Src/stm32f4xx_hal_cortex.o
                0x0000000008003cf2                HAL_NVIC_GetPendingIRQ
 .text.HAL_NVIC_ClearPendingIRQ
                0x0000000008003d10       0x1c ./Drivers/STM32F4xx_HAL_Driver/Src/stm32f4xx_hal_cortex.o
                0x0000000008003d10                HAL_NVIC_ClearPendingIRQ
 .text.HAL_DMA_Init
                0x0000000008003d2c      0x15c ./Drivers/STM32F4xx_HAL_Driver/Src/stm32f4xx_hal_dma.o
                0x0000000008003d2c                HAL_DMA_Init
 .text.HAL_DMA_Start_IT
                0x0000000008003e88       0xb0 ./Drivers/STM32F4xx_HAL_Driver/Src/stm32f4xx_hal_dma.o
                0x0000000008003e88                HAL_DMA_Start_IT
 .text.HAL_DMA_Abort_IT
                0x0000000008003f38       0x44 ./Drivers/STM32F4xx_HAL_Driver/Src/stm32f4xx_hal_dma.o
                0x0000000008003f38                HAL_DMA_Abort_IT
 .text.HAL_DMA_IRQHandler
                0x0000000008003f7c      0x314 ./Drivers/STM32F4xx_HAL_Driver/Src/stm32f4xx_hal_dma.o
                0x0000000008003f7c                HAL_DMA_IRQHandler
 .text.HAL_DMA_GetError
                0x0000000008004290       0x18 ./Drivers/STM32F4xx_HAL_Driver/Src/stm32f4xx_hal_dma.o
                0x0000000008004290                HAL_DMA_GetError
 .text.DMA_SetConfig
                0x00000000080042a8       0x5c ./Drivers/STM32F4xx_HAL_Driver/Src/stm32f4xx_hal_dma.o
 .text.DMA_CalcBaseAndBitshift
                0x0000000008004304       0x6c ./Drivers/STM32F4xx_HAL_Driver/Src/stm32f4xx_hal_dma.o
 .text.DMA_CheckFifoParam
                0x0000000008004370       0xf8 ./Drivers/STM32F4xx_HAL_Driver/Src/stm32f4xx_hal_dma.o
 .text.HAL_GPIO_Init
                0x0000000008004468      0x308 ./Drivers/STM32F4xx_HAL_Driver/Src/stm32f4xx_hal_gpio.o
                0x0000000008004468                HAL_GPIO_Init
 .text.HAL_GPIO_ReadPin
                0x0000000008004770       0x30 ./Drivers/STM32F4xx_HAL_Driver/Src/stm32f4xx_hal_gpio.o
                0x0000000008004770                HAL_GPIO_ReadPin
 .text.HAL_GPIO_WritePin
                0x00000000080047a0       0x32 ./Drivers/STM32F4xx_HAL_Driver/Src/stm32f4xx_hal_gpio.o
                0x00000000080047a0                HAL_GPIO_WritePin
 *fill*         0x00000000080047d2        0x2 
 .text.HAL_GPIO_EXTI_IRQHandler
                0x00000000080047d4       0x30 ./Drivers/STM32F4xx_HAL_Driver/Src/stm32f4xx_hal_gpio.o
                0x00000000080047d4                HAL_GPIO_EXTI_IRQHandler
 .text.HAL_I2C_Init
                0x0000000008004804      0x288 ./Drivers/STM32F4xx_HAL_Driver/Src/stm32f4xx_hal_i2c.o
                0x0000000008004804                HAL_I2C_Init
 .text.HAL_I2C_Mem_Write
                0x0000000008004a8c      0x1f4 ./Drivers/STM32F4xx_HAL_Driver/Src/stm32f4xx_hal_i2c.o
                0x0000000008004a8c                HAL_I2C_Mem_Write
 .text.HAL_I2C_Mem_Read
                0x0000000008004c80      0x44c ./Drivers/STM32F4xx_HAL_Driver/Src/stm32f4xx_hal_i2c.o
                0x0000000008004c80                HAL_I2C_Mem_Read
 .text.I2C_RequestMemoryWrite
                0x00000000080050cc      0x12c ./Drivers/STM32F4xx_HAL_Driver/Src/stm32f4xx_hal_i2c.o
 .text.I2C_RequestMemoryRead
                0x00000000080051f8      0x1d0 ./Drivers/STM32F4xx_HAL_Driver/Src/stm32f4xx_hal_i2c.o
 .text.I2C_WaitOnFlagUntilTimeout
                0x00000000080053c8       0xae ./Drivers/STM32F4xx_HAL_Driver/Src/stm32f4xx_hal_i2c.o
 .text.I2C_WaitOnMasterAddressFlagUntilTimeout
                0x0000000008005476       0xfe ./Drivers/STM32F4xx_HAL_Driver/Src/stm32f4xx_hal_i2c.o
 .text.I2C_WaitOnTXEFlagUntilTimeout
                0x0000000008005574       0x82 ./Drivers/STM32F4xx_HAL_Driver/Src/stm32f4xx_hal_i2c.o
 .text.I2C_WaitOnBTFFlagUntilTimeout
                0x00000000080055f6       0x82 ./Drivers/STM32F4xx_HAL_Driver/Src/stm32f4xx_hal_i2c.o
 .text.I2C_WaitOnRXNEFlagUntilTimeout
                0x0000000008005678       0xac ./Drivers/STM32F4xx_HAL_Driver/Src/stm32f4xx_hal_i2c.o
 .text.I2C_IsAcknowledgeFailed
                0x0000000008005724       0x5e ./Drivers/STM32F4xx_HAL_Driver/Src/stm32f4xx_hal_i2c.o
 *fill*         0x0000000008005782        0x2 
 .text.HAL_RCC_OscConfig
                0x0000000008005784      0x4f0 ./Drivers/STM32F4xx_HAL_Driver/Src/stm32f4xx_hal_rcc.o
                0x0000000008005784                HAL_RCC_OscConfig
 .text.HAL_RCC_ClockConfig
                0x0000000008005c74      0x1cc ./Drivers/STM32F4xx_HAL_Driver/Src/stm32f4xx_hal_rcc.o
                0x0000000008005c74                HAL_RCC_ClockConfig
 .text.HAL_RCC_GetSysClockFreq
                0x0000000008005e40      0x20c ./Drivers/STM32F4xx_HAL_Driver/Src/stm32f4xx_hal_rcc.o
                0x0000000008005e40                HAL_RCC_GetSysClockFreq
 .text.HAL_RCC_GetHCLKFreq
                0x000000000800604c       0x18 ./Drivers/STM32F4xx_HAL_Driver/Src/stm32f4xx_hal_rcc.o
                0x000000000800604c                HAL_RCC_GetHCLKFreq
 .text.HAL_RCC_GetPCLK1Freq
                0x0000000008006064       0x28 ./Drivers/STM32F4xx_HAL_Driver/Src/stm32f4xx_hal_rcc.o
                0x0000000008006064                HAL_RCC_GetPCLK1Freq
 .text.HAL_RCC_GetPCLK2Freq
                0x000000000800608c       0x28 ./Drivers/STM32F4xx_HAL_Driver/Src/stm32f4xx_hal_rcc.o
                0x000000000800608c                HAL_RCC_GetPCLK2Freq
 .text.HAL_SD_Init
                0x00000000080060b4       0x60 ./Drivers/STM32F4xx_HAL_Driver/Src/stm32f4xx_hal_sd.o
                0x00000000080060b4                HAL_SD_Init
 .text.HAL_SD_InitCard
                0x0000000008006114      0x100 ./Drivers/STM32F4xx_HAL_Driver/Src/stm32f4xx_hal_sd.o
                0x0000000008006114                HAL_SD_InitCard
 .text.HAL_SD_ReadBlocks_DMA
                0x0000000008006214      0x1c4 ./Drivers/STM32F4xx_HAL_Driver/Src/stm32f4xx_hal_sd.o
                0x0000000008006214                HAL_SD_ReadBlocks_DMA
 .text.HAL_SD_WriteBlocks_DMA
                0x00000000080063d8      0x1cc ./Drivers/STM32F4xx_HAL_Driver/Src/stm32f4xx_hal_sd.o
                0x00000000080063d8                HAL_SD_WriteBlocks_DMA
 .text.HAL_SD_IRQHandler
                0x00000000080065a4      0x30c ./Drivers/STM32F4xx_HAL_Driver/Src/stm32f4xx_hal_sd.o
                0x00000000080065a4                HAL_SD_IRQHandler
 .text.HAL_SD_ErrorCallback
                0x00000000080068b0       0x14 ./Drivers/STM32F4xx_HAL_Driver/Src/stm32f4xx_hal_sd.o
                0x00000000080068b0                HAL_SD_ErrorCallback
 .text.HAL_SD_GetCardCSD
                0x00000000080068c4      0x348 ./Drivers/STM32F4xx_HAL_Driver/Src/stm32f4xx_hal_sd.o
                0x00000000080068c4                HAL_SD_GetCardCSD
 .text.HAL_SD_GetCardInfo
                0x0000000008006c0c       0x58 ./Drivers/STM32F4xx_HAL_Driver/Src/stm32f4xx_hal_sd.o
                0x0000000008006c0c                HAL_SD_GetCardInfo
 .text.HAL_SD_GetCardState
                0x0000000008006c64       0x40 ./Drivers/STM32F4xx_HAL_Driver/Src/stm32f4xx_hal_sd.o
                0x0000000008006c64                HAL_SD_GetCardState
 .text.SD_DMATransmitCplt
                0x0000000008006ca4       0x2a ./Drivers/STM32F4xx_HAL_Driver/Src/stm32f4xx_hal_sd.o
 .text.SD_DMAReceiveCplt
                0x0000000008006cce       0x70 ./Drivers/STM32F4xx_HAL_Driver/Src/stm32f4xx_hal_sd.o
 *fill*         0x0000000008006d3e        0x2 
 .text.SD_DMAError
                0x0000000008006d40       0xa4 ./Drivers/STM32F4xx_HAL_Driver/Src/stm32f4xx_hal_sd.o
 .text.SD_DMATxAbort
                0x0000000008006de4       0x6e ./Drivers/STM32F4xx_HAL_Driver/Src/stm32f4xx_hal_sd.o
 .text.SD_DMARxAbort
                0x0000000008006e52       0x6e ./Drivers/STM32F4xx_HAL_Driver/Src/stm32f4xx_hal_sd.o
 .text.SD_InitCard
                0x0000000008006ec0      0x19c ./Drivers/STM32F4xx_HAL_Driver/Src/stm32f4xx_hal_sd.o
 .text.SD_PowerON
                0x000000000800705c      0x11c ./Drivers/STM32F4xx_HAL_Driver/Src/stm32f4xx_hal_sd.o
 .text.SD_SendStatus
                0x0000000008007178       0x50 ./Drivers/STM32F4xx_HAL_Driver/Src/stm32f4xx_hal_sd.o
 .text.SD_Read_IT
                0x00000000080071c8       0xa2 ./Drivers/STM32F4xx_HAL_Driver/Src/stm32f4xx_hal_sd.o
 .text.SD_Write_IT
                0x000000000800726a       0xaa ./Drivers/STM32F4xx_HAL_Driver/Src/stm32f4xx_hal_sd.o
 .text.HAL_SPI_Init
                0x0000000008007314      0x112 ./Drivers/STM32F4xx_HAL_Driver/Src/stm32f4xx_hal_spi.o
                0x0000000008007314                HAL_SPI_Init
 .text.HAL_SPI_Transmit
                0x0000000008007426      0x278 ./Drivers/STM32F4xx_HAL_Driver/Src/stm32f4xx_hal_spi.o
                0x0000000008007426                HAL_SPI_Transmit
 .text.HAL_SPI_TransmitReceive
                0x000000000800769e      0x344 ./Drivers/STM32F4xx_HAL_Driver/Src/stm32f4xx_hal_spi.o
                0x000000000800769e                HAL_SPI_TransmitReceive
 *fill*         0x00000000080079e2        0x2 
 .text.SPI_WaitFlagStateUntilTimeout
                0x00000000080079e4      0x110 ./Drivers/STM32F4xx_HAL_Driver/Src/stm32f4xx_hal_spi.o
 .text.SPI_EndRxTxTransaction
                0x0000000008007af4       0x84 ./Drivers/STM32F4xx_HAL_Driver/Src/stm32f4xx_hal_spi.o
 .text.HAL_UART_Init
                0x0000000008007b78       0x9a ./Drivers/STM32F4xx_HAL_Driver/Src/stm32f4xx_hal_uart.o
                0x0000000008007b78                HAL_UART_Init
 .text.HAL_UART_Transmit
                0x0000000008007c12      0x124 ./Drivers/STM32F4xx_HAL_Driver/Src/stm32f4xx_hal_uart.o
                0x0000000008007c12                HAL_UART_Transmit
 .text.UART_WaitOnFlagUntilTimeout
                0x0000000008007d36       0xdc ./Drivers/STM32F4xx_HAL_Driver/Src/stm32f4xx_hal_uart.o
 *fill*         0x0000000008007e12        0x2 
 .text.UART_SetConfig
                0x0000000008007e14      0x4e8 ./Drivers/STM32F4xx_HAL_Driver/Src/stm32f4xx_hal_uart.o
 .text.SDIO_Init
                0x00000000080082fc       0x56 ./Drivers/STM32F4xx_HAL_Driver/Src/stm32f4xx_ll_sdmmc.o
                0x00000000080082fc                SDIO_Init
 .text.SDIO_ReadFIFO
                0x0000000008008352       0x1a ./Drivers/STM32F4xx_HAL_Driver/Src/stm32f4xx_ll_sdmmc.o
                0x0000000008008352                SDIO_ReadFIFO
 .text.SDIO_WriteFIFO
                0x000000000800836c       0x22 ./Drivers/STM32F4xx_HAL_Driver/Src/stm32f4xx_ll_sdmmc.o
                0x000000000800836c                SDIO_WriteFIFO
 .text.SDIO_PowerState_ON
                0x000000000800838e       0x1c ./Drivers/STM32F4xx_HAL_Driver/Src/stm32f4xx_ll_sdmmc.o
                0x000000000800838e                SDIO_PowerState_ON
 .text.SDIO_GetPowerState
                0x00000000080083aa       0x1c ./Drivers/STM32F4xx_HAL_Driver/Src/stm32f4xx_ll_sdmmc.o
                0x00000000080083aa                SDIO_GetPowerState
 .text.SDIO_SendCommand
                0x00000000080083c6       0x54 ./Drivers/STM32F4xx_HAL_Driver/Src/stm32f4xx_ll_sdmmc.o
                0x00000000080083c6                SDIO_SendCommand
 .text.SDIO_GetCommandResponse
                0x000000000800841a       0x1a ./Drivers/STM32F4xx_HAL_Driver/Src/stm32f4xx_ll_sdmmc.o
                0x000000000800841a                SDIO_GetCommandResponse
 .text.SDIO_GetResponse
                0x0000000008008434       0x26 ./Drivers/STM32F4xx_HAL_Driver/Src/stm32f4xx_ll_sdmmc.o
                0x0000000008008434                SDIO_GetResponse
 .text.SDIO_ConfigData
                0x000000000800845a       0x58 ./Drivers/STM32F4xx_HAL_Driver/Src/stm32f4xx_ll_sdmmc.o
                0x000000000800845a                SDIO_ConfigData
 .text.SDMMC_CmdBlockLength
                0x00000000080084b2       0x44 ./Drivers/STM32F4xx_HAL_Driver/Src/stm32f4xx_ll_sdmmc.o
                0x00000000080084b2                SDMMC_CmdBlockLength
 .text.SDMMC_CmdReadSingleBlock
                0x00000000080084f6       0x44 ./Drivers/STM32F4xx_HAL_Driver/Src/stm32f4xx_ll_sdmmc.o
                0x00000000080084f6                SDMMC_CmdReadSingleBlock
 .text.SDMMC_CmdReadMultiBlock
                0x000000000800853a       0x44 ./Drivers/STM32F4xx_HAL_Driver/Src/stm32f4xx_ll_sdmmc.o
                0x000000000800853a                SDMMC_CmdReadMultiBlock
 .text.SDMMC_CmdWriteSingleBlock
                0x000000000800857e       0x44 ./Drivers/STM32F4xx_HAL_Driver/Src/stm32f4xx_ll_sdmmc.o
                0x000000000800857e                SDMMC_CmdWriteSingleBlock
 .text.SDMMC_CmdWriteMultiBlock
                0x00000000080085c2       0x44 ./Drivers/STM32F4xx_HAL_Driver/Src/stm32f4xx_ll_sdmmc.o
                0x00000000080085c2                SDMMC_CmdWriteMultiBlock
 *fill*         0x0000000008008606        0x2 
 .text.SDMMC_CmdStopTransfer
                0x0000000008008608       0x44 ./Drivers/STM32F4xx_HAL_Driver/Src/stm32f4xx_ll_sdmmc.o
                0x0000000008008608                SDMMC_CmdStopTransfer
 .text.SDMMC_CmdSelDesel
                0x000000000800864c       0x46 ./Drivers/STM32F4xx_HAL_Driver/Src/stm32f4xx_ll_sdmmc.o
                0x000000000800864c                SDMMC_CmdSelDesel
 .text.SDMMC_CmdGoIdleState
                0x0000000008008692       0x3c ./Drivers/STM32F4xx_HAL_Driver/Src/stm32f4xx_ll_sdmmc.o
                0x0000000008008692                SDMMC_CmdGoIdleState
 .text.SDMMC_CmdOperCond
                0x00000000080086ce       0x3e ./Drivers/STM32F4xx_HAL_Driver/Src/stm32f4xx_ll_sdmmc.o
                0x00000000080086ce                SDMMC_CmdOperCond
 .text.SDMMC_CmdAppCommand
                0x000000000800870c       0x44 ./Drivers/STM32F4xx_HAL_Driver/Src/stm32f4xx_ll_sdmmc.o
                0x000000000800870c                SDMMC_CmdAppCommand
 .text.SDMMC_CmdAppOperCommand
                0x0000000008008750       0x46 ./Drivers/STM32F4xx_HAL_Driver/Src/stm32f4xx_ll_sdmmc.o
                0x0000000008008750                SDMMC_CmdAppOperCommand
 .text.SDMMC_CmdSendCID
                0x0000000008008796       0x3c ./Drivers/STM32F4xx_HAL_Driver/Src/stm32f4xx_ll_sdmmc.o
                0x0000000008008796                SDMMC_CmdSendCID
 .text.SDMMC_CmdSendCSD
                0x00000000080087d2       0x3e ./Drivers/STM32F4xx_HAL_Driver/Src/stm32f4xx_ll_sdmmc.o
                0x00000000080087d2                SDMMC_CmdSendCSD
 .text.SDMMC_CmdSetRelAdd
                0x0000000008008810       0x42 ./Drivers/STM32F4xx_HAL_Driver/Src/stm32f4xx_ll_sdmmc.o
                0x0000000008008810                SDMMC_CmdSetRelAdd
 .text.SDMMC_CmdSendStatus
                0x0000000008008852       0x44 ./Drivers/STM32F4xx_HAL_Driver/Src/stm32f4xx_ll_sdmmc.o
                0x0000000008008852                SDMMC_CmdSendStatus
 *fill*         0x0000000008008896        0x2 
 .text.SDMMC_GetCmdResp1
                0x0000000008008898      0x1dc ./Drivers/STM32F4xx_HAL_Driver/Src/stm32f4xx_ll_sdmmc.o
                0x0000000008008898                SDMMC_GetCmdResp1
 .text.SDMMC_GetCmdResp2
                0x0000000008008a74       0x90 ./Drivers/STM32F4xx_HAL_Driver/Src/stm32f4xx_ll_sdmmc.o
                0x0000000008008a74                SDMMC_GetCmdResp2
 .text.SDMMC_GetCmdResp3
                0x0000000008008b04       0x7c ./Drivers/STM32F4xx_HAL_Driver/Src/stm32f4xx_ll_sdmmc.o
                0x0000000008008b04                SDMMC_GetCmdResp3
 .text.SDMMC_GetCmdResp6
                0x0000000008008b80       0xec ./Drivers/STM32F4xx_HAL_Driver/Src/stm32f4xx_ll_sdmmc.o
                0x0000000008008b80                SDMMC_GetCmdResp6
 .text.SDMMC_GetCmdResp7
                0x0000000008008c6c       0x9c ./Drivers/STM32F4xx_HAL_Driver/Src/stm32f4xx_ll_sdmmc.o
                0x0000000008008c6c                SDMMC_GetCmdResp7
 .text.SDMMC_GetCmdError
                0x0000000008008d08       0x58 ./Drivers/STM32F4xx_HAL_Driver/Src/stm32f4xx_ll_sdmmc.o
 .text.MX_FATFS_Init
                0x0000000008008d60       0x24 ./FATFS/App/fatfs.o
                0x0000000008008d60                MX_FATFS_Init
 .text.get_fattime
                0x0000000008008d84       0x10 ./FATFS/App/fatfs.o
                0x0000000008008d84                get_fattime
 .text.BSP_SD_Init
                0x0000000008008d94       0x30 ./FATFS/Target/bsp_driver_sd.o
                0x0000000008008d94                BSP_SD_Init
 .text.BSP_SD_ReadBlocks_DMA
                0x0000000008008dc4       0x34 ./FATFS/Target/bsp_driver_sd.o
                0x0000000008008dc4                BSP_SD_ReadBlocks_DMA
 .text.BSP_SD_WriteBlocks_DMA
                0x0000000008008df8       0x34 ./FATFS/Target/bsp_driver_sd.o
                0x0000000008008df8                BSP_SD_WriteBlocks_DMA
 .text.BSP_SD_GetCardState
                0x0000000008008e2c       0x20 ./FATFS/Target/bsp_driver_sd.o
                0x0000000008008e2c                BSP_SD_GetCardState
 .text.BSP_SD_GetCardInfo
                0x0000000008008e4c       0x1c ./FATFS/Target/bsp_driver_sd.o
                0x0000000008008e4c                BSP_SD_GetCardInfo
 .text.HAL_SD_AbortCallback
                0x0000000008008e68       0x14 ./FATFS/Target/bsp_driver_sd.o
                0x0000000008008e68                HAL_SD_AbortCallback
 .text.HAL_SD_TxCpltCallback
                0x0000000008008e7c       0x14 ./FATFS/Target/bsp_driver_sd.o
                0x0000000008008e7c                HAL_SD_TxCpltCallback
 .text.HAL_SD_RxCpltCallback
                0x0000000008008e90       0x14 ./FATFS/Target/bsp_driver_sd.o
                0x0000000008008e90                HAL_SD_RxCpltCallback
 .text.BSP_SD_AbortCallback
                0x0000000008008ea4        0xe ./FATFS/Target/bsp_driver_sd.o
                0x0000000008008ea4                BSP_SD_AbortCallback
 .text.BSP_SD_IsDetected
                0x0000000008008eb2       0x1a ./FATFS/Target/bsp_driver_sd.o
                0x0000000008008eb2                BSP_SD_IsDetected
 .text.SD_CheckStatusWithTimeout
                0x0000000008008ecc       0x3a ./FATFS/Target/sd_diskio.o
 *fill*         0x0000000008008f06        0x2 
 .text.SD_CheckStatus
                0x0000000008008f08       0x3c ./FATFS/Target/sd_diskio.o
 .text.SD_initialize
                0x0000000008008f44       0x38 ./FATFS/Target/sd_diskio.o
                0x0000000008008f44                SD_initialize
 .text.SD_status
                0x0000000008008f7c       0x1c ./FATFS/Target/sd_diskio.o
                0x0000000008008f7c                SD_status
 .text.SD_read  0x0000000008008f98       0xac ./FATFS/Target/sd_diskio.o
                0x0000000008008f98                SD_read
 .text.SD_write
                0x0000000008009044       0xac ./FATFS/Target/sd_diskio.o
                0x0000000008009044                SD_write
 .text.SD_ioctl
                0x00000000080090f0       0xb0 ./FATFS/Target/sd_diskio.o
                0x00000000080090f0                SD_ioctl
 .text.BSP_SD_WriteCpltCallback
                0x00000000080091a0       0x18 ./FATFS/Target/sd_diskio.o
                0x00000000080091a0                BSP_SD_WriteCpltCallback
 .text.BSP_SD_ReadCpltCallback
                0x00000000080091b8       0x18 ./FATFS/Target/sd_diskio.o
                0x00000000080091b8                BSP_SD_ReadCpltCallback
 .text.disk_status
                0x00000000080091d0       0x34 ./Middlewares/Third_Party/FatFs/src/diskio.o
                0x00000000080091d0                disk_status
 .text.disk_initialize
                0x0000000008009204       0x4c ./Middlewares/Third_Party/FatFs/src/diskio.o
                0x0000000008009204                disk_initialize
 .text.disk_read
                0x0000000008009250       0x40 ./Middlewares/Third_Party/FatFs/src/diskio.o
                0x0000000008009250                disk_read
 .text.disk_write
                0x0000000008009290       0x40 ./Middlewares/Third_Party/FatFs/src/diskio.o
                0x0000000008009290                disk_write
 .text.disk_ioctl
                0x00000000080092d0       0x3c ./Middlewares/Third_Party/FatFs/src/diskio.o
                0x00000000080092d0                disk_ioctl
 .text.ld_word  0x000000000800930c       0x30 ./Middlewares/Third_Party/FatFs/src/ff.o
 .text.ld_dword
                0x000000000800933c       0x46 ./Middlewares/Third_Party/FatFs/src/ff.o
 .text.st_word  0x0000000008009382       0x36 ./Middlewares/Third_Party/FatFs/src/ff.o
 .text.st_dword
                0x00000000080093b8       0x58 ./Middlewares/Third_Party/FatFs/src/ff.o
 .text.mem_cpy  0x0000000008009410       0x42 ./Middlewares/Third_Party/FatFs/src/ff.o
 .text.mem_set  0x0000000008009452       0x36 ./Middlewares/Third_Party/FatFs/src/ff.o
 .text.mem_cmp  0x0000000008009488       0x4e ./Middlewares/Third_Party/FatFs/src/ff.o
 .text.chk_chr  0x00000000080094d6       0x36 ./Middlewares/Third_Party/FatFs/src/ff.o
 .text.chk_lock
                0x000000000800950c       0xb8 ./Middlewares/Third_Party/FatFs/src/ff.o
 .text.enq_lock
                0x00000000080095c4       0x44 ./Middlewares/Third_Party/FatFs/src/ff.o
 .text.inc_lock
                0x0000000008009608      0x11c ./Middlewares/Third_Party/FatFs/src/ff.o
 .text.dec_lock
                0x0000000008009724       0x78 ./Middlewares/Third_Party/FatFs/src/ff.o
 .text.clear_lock
                0x000000000800979c       0x48 ./Middlewares/Third_Party/FatFs/src/ff.o
 .text.sync_window
                0x00000000080097e4       0x88 ./Middlewares/Third_Party/FatFs/src/ff.o
 .text.move_window
                0x000000000800986c       0x5a ./Middlewares/Third_Party/FatFs/src/ff.o
 *fill*         0x00000000080098c6        0x2 
 .text.sync_fs  0x00000000080098c8       0xdc ./Middlewares/Third_Party/FatFs/src/ff.o
 .text.clust2sect
                0x00000000080099a4       0x3e ./Middlewares/Third_Party/FatFs/src/ff.o
 .text.get_fat  0x00000000080099e2      0x150 ./Middlewares/Third_Party/FatFs/src/ff.o
 .text.put_fat  0x0000000008009b32      0x1d8 ./Middlewares/Third_Party/FatFs/src/ff.o
 .text.remove_chain
                0x0000000008009d0a       0xca ./Middlewares/Third_Party/FatFs/src/ff.o
 .text.create_chain
                0x0000000008009dd4      0x130 ./Middlewares/Third_Party/FatFs/src/ff.o
 .text.clmt_clust
                0x0000000008009f04       0x68 ./Middlewares/Third_Party/FatFs/src/ff.o
 .text.dir_sdi  0x0000000008009f6c       0xf6 ./Middlewares/Third_Party/FatFs/src/ff.o
 .text.dir_next
                0x000000000800a062      0x18a ./Middlewares/Third_Party/FatFs/src/ff.o
 .text.dir_alloc
                0x000000000800a1ec       0x8e ./Middlewares/Third_Party/FatFs/src/ff.o
 .text.ld_clust
                0x000000000800a27a       0x3e ./Middlewares/Third_Party/FatFs/src/ff.o
 .text.st_clust
                0x000000000800a2b8       0x40 ./Middlewares/Third_Party/FatFs/src/ff.o
 .text.dir_find
                0x000000000800a2f8       0xaa ./Middlewares/Third_Party/FatFs/src/ff.o
 .text.dir_register
                0x000000000800a3a2       0x64 ./Middlewares/Third_Party/FatFs/src/ff.o
 *fill*         0x000000000800a406        0x2 
 .text.create_name
                0x000000000800a408      0x128 ./Middlewares/Third_Party/FatFs/src/ff.o
 .text.follow_path
                0x000000000800a530       0xe2 ./Middlewares/Third_Party/FatFs/src/ff.o
 .text.get_ldnumber
                0x000000000800a612       0x88 ./Middlewares/Third_Party/FatFs/src/ff.o
 *fill*         0x000000000800a69a        0x2 
 .text.check_fs
                0x000000000800a69c       0xac ./Middlewares/Third_Party/FatFs/src/ff.o
 .text.find_volume
                0x000000000800a748      0x498 ./Middlewares/Third_Party/FatFs/src/ff.o
 .text.validate
                0x000000000800abe0       0x6a ./Middlewares/Third_Party/FatFs/src/ff.o
 *fill*         0x000000000800ac4a        0x2 
 .text.f_mount  0x000000000800ac4c       0x8c ./Middlewares/Third_Party/FatFs/src/ff.o
                0x000000000800ac4c                f_mount
 .text.f_open   0x000000000800acd8      0x37c ./Middlewares/Third_Party/FatFs/src/ff.o
                0x000000000800acd8                f_open
 .text.f_write  0x000000000800b054      0x2ea ./Middlewares/Third_Party/FatFs/src/ff.o
                0x000000000800b054                f_write
 .text.f_sync   0x000000000800b33e       0xfc ./Middlewares/Third_Party/FatFs/src/ff.o
                0x000000000800b33e                f_sync
 .text.f_close  0x000000000800b43a       0x54 ./Middlewares/Third_Party/FatFs/src/ff.o
                0x000000000800b43a                f_close
 .text.putc_bfd
                0x000000000800b48e       0x7a ./Middlewares/Third_Party/FatFs/src/ff.o
 .text.putc_flush
                0x000000000800b508       0x4a ./Middlewares/Third_Party/FatFs/src/ff.o
 .text.putc_init
                0x000000000800b552       0x2a ./Middlewares/Third_Party/FatFs/src/ff.o
 .text.f_printf
                0x000000000800b57c      0x43c ./Middlewares/Third_Party/FatFs/src/ff.o
                0x000000000800b57c                f_printf
 .text.FATFS_LinkDriverEx
                0x000000000800b9b8       0x98 ./Middlewares/Third_Party/FatFs/src/ff_gen_drv.o
                0x000000000800b9b8                FATFS_LinkDriverEx
 .text.FATFS_LinkDriver
                0x000000000800ba50       0x1e ./Middlewares/Third_Party/FatFs/src/ff_gen_drv.o
                0x000000000800ba50                FATFS_LinkDriver
 *fill*         0x000000000800ba6e        0x2 
 .text.__errno  0x000000000800ba70        0xc c:/programy/stm32cubeide_1.8.0/stm32cubeide/plugins/com.st.stm32cube.ide.mcu.externaltools.gnu-tools-for-stm32.10.3-2021.10.win32_1.0.0.202111181127/tools/bin/../lib/gcc/arm-none-eabi/10.3.1/../../../../arm-none-eabi/lib/thumb/v7e-m+fp/hard\libc_nano.a(lib_a-errno.o)
                0x000000000800ba70                __errno
 .text.__libc_init_array
                0x000000000800ba7c       0x48 c:/programy/stm32cubeide_1.8.0/stm32cubeide/plugins/com.st.stm32cube.ide.mcu.externaltools.gnu-tools-for-stm32.10.3-2021.10.win32_1.0.0.202111181127/tools/bin/../lib/gcc/arm-none-eabi/10.3.1/../../../../arm-none-eabi/lib/thumb/v7e-m+fp/hard\libc_nano.a(lib_a-init.o)
                0x000000000800ba7c                __libc_init_array
 .text.memset   0x000000000800bac4       0x10 c:/programy/stm32cubeide_1.8.0/stm32cubeide/plugins/com.st.stm32cube.ide.mcu.externaltools.gnu-tools-for-stm32.10.3-2021.10.win32_1.0.0.202111181127/tools/bin/../lib/gcc/arm-none-eabi/10.3.1/../../../../arm-none-eabi/lib/thumb/v7e-m+fp/hard\libc_nano.a(lib_a-memset.o)
                0x000000000800bac4                memset
 .text.__cvt    0x000000000800bad4       0xc4 c:/programy/stm32cubeide_1.8.0/stm32cubeide/plugins/com.st.stm32cube.ide.mcu.externaltools.gnu-tools-for-stm32.10.3-2021.10.win32_1.0.0.202111181127/tools/bin/../lib/gcc/arm-none-eabi/10.3.1/../../../../arm-none-eabi/lib/thumb/v7e-m+fp/hard\libc_nano.a(lib_a-nano-vfprintf_float.o)
                0x000000000800bad4                __cvt
 .text.__exponent
                0x000000000800bb98       0x7c c:/programy/stm32cubeide_1.8.0/stm32cubeide/plugins/com.st.stm32cube.ide.mcu.externaltools.gnu-tools-for-stm32.10.3-2021.10.win32_1.0.0.202111181127/tools/bin/../lib/gcc/arm-none-eabi/10.3.1/../../../../arm-none-eabi/lib/thumb/v7e-m+fp/hard\libc_nano.a(lib_a-nano-vfprintf_float.o)
                0x000000000800bb98                __exponent
 .text._printf_float
                0x000000000800bc14      0x46c c:/programy/stm32cubeide_1.8.0/stm32cubeide/plugins/com.st.stm32cube.ide.mcu.externaltools.gnu-tools-for-stm32.10.3-2021.10.win32_1.0.0.202111181127/tools/bin/../lib/gcc/arm-none-eabi/10.3.1/../../../../arm-none-eabi/lib/thumb/v7e-m+fp/hard\libc_nano.a(lib_a-nano-vfprintf_float.o)
                0x000000000800bc14                _printf_float
 .text._printf_common
                0x000000000800c080       0xda c:/programy/stm32cubeide_1.8.0/stm32cubeide/plugins/com.st.stm32cube.ide.mcu.externaltools.gnu-tools-for-stm32.10.3-2021.10.win32_1.0.0.202111181127/tools/bin/../lib/gcc/arm-none-eabi/10.3.1/../../../../arm-none-eabi/lib/thumb/v7e-m+fp/hard\libc_nano.a(lib_a-nano-vfprintf_i.o)
                0x000000000800c080                _printf_common
 *fill*         0x000000000800c15a        0x2 
 .text._printf_i
                0x000000000800c15c      0x24c c:/programy/stm32cubeide_1.8.0/stm32cubeide/plugins/com.st.stm32cube.ide.mcu.externaltools.gnu-tools-for-stm32.10.3-2021.10.win32_1.0.0.202111181127/tools/bin/../lib/gcc/arm-none-eabi/10.3.1/../../../../arm-none-eabi/lib/thumb/v7e-m+fp/hard\libc_nano.a(lib_a-nano-vfprintf_i.o)
                0x000000000800c15c                _printf_i
 .text.sprintf  0x000000000800c3a8       0x40 c:/programy/stm32cubeide_1.8.0/stm32cubeide/plugins/com.st.stm32cube.ide.mcu.externaltools.gnu-tools-for-stm32.10.3-2021.10.win32_1.0.0.202111181127/tools/bin/../lib/gcc/arm-none-eabi/10.3.1/../../../../arm-none-eabi/lib/thumb/v7e-m+fp/hard\libc_nano.a(lib_a-sprintf.o)
                0x000000000800c3a8                siprintf
                0x000000000800c3a8                sprintf
 .text.quorem   0x000000000800c3e8      0x116 c:/programy/stm32cubeide_1.8.0/stm32cubeide/plugins/com.st.stm32cube.ide.mcu.externaltools.gnu-tools-for-stm32.10.3-2021.10.win32_1.0.0.202111181127/tools/bin/../lib/gcc/arm-none-eabi/10.3.1/../../../../arm-none-eabi/lib/thumb/v7e-m+fp/hard\libc_nano.a(lib_a-dtoa.o)
 *fill*         0x000000000800c4fe        0x2 
 .text._dtoa_r  0x000000000800c500      0xbdc c:/programy/stm32cubeide_1.8.0/stm32cubeide/plugins/com.st.stm32cube.ide.mcu.externaltools.gnu-tools-for-stm32.10.3-2021.10.win32_1.0.0.202111181127/tools/bin/../lib/gcc/arm-none-eabi/10.3.1/../../../../arm-none-eabi/lib/thumb/v7e-m+fp/hard\libc_nano.a(lib_a-dtoa.o)
                0x000000000800c500                _dtoa_r
 .text._localeconv_r
                0x000000000800d0dc        0x8 c:/programy/stm32cubeide_1.8.0/stm32cubeide/plugins/com.st.stm32cube.ide.mcu.externaltools.gnu-tools-for-stm32.10.3-2021.10.win32_1.0.0.202111181127/tools/bin/../lib/gcc/arm-none-eabi/10.3.1/../../../../arm-none-eabi/lib/thumb/v7e-m+fp/hard\libc_nano.a(lib_a-localeconv.o)
                0x000000000800d0dc                _localeconv_r
 .text.malloc   0x000000000800d0e4       0x10 c:/programy/stm32cubeide_1.8.0/stm32cubeide/plugins/com.st.stm32cube.ide.mcu.externaltools.gnu-tools-for-stm32.10.3-2021.10.win32_1.0.0.202111181127/tools/bin/../lib/gcc/arm-none-eabi/10.3.1/../../../../arm-none-eabi/lib/thumb/v7e-m+fp/hard\libc_nano.a(lib_a-malloc.o)
                0x000000000800d0e4                malloc
 .text.memcpy   0x000000000800d0f4       0x1c c:/programy/stm32cubeide_1.8.0/stm32cubeide/plugins/com.st.stm32cube.ide.mcu.externaltools.gnu-tools-for-stm32.10.3-2021.10.win32_1.0.0.202111181127/tools/bin/../lib/gcc/arm-none-eabi/10.3.1/../../../../arm-none-eabi/lib/thumb/v7e-m+fp/hard\libc_nano.a(lib_a-memcpy-stub.o)
                0x000000000800d0f4                memcpy
 .text._Balloc  0x000000000800d110       0x80 c:/programy/stm32cubeide_1.8.0/stm32cubeide/plugins/com.st.stm32cube.ide.mcu.externaltools.gnu-tools-for-stm32.10.3-2021.10.win32_1.0.0.202111181127/tools/bin/../lib/gcc/arm-none-eabi/10.3.1/../../../../arm-none-eabi/lib/thumb/v7e-m+fp/hard\libc_nano.a(lib_a-mprec.o)
                0x000000000800d110                _Balloc
 .text._Bfree   0x000000000800d190       0x44 c:/programy/stm32cubeide_1.8.0/stm32cubeide/plugins/com.st.stm32cube.ide.mcu.externaltools.gnu-tools-for-stm32.10.3-2021.10.win32_1.0.0.202111181127/tools/bin/../lib/gcc/arm-none-eabi/10.3.1/../../../../arm-none-eabi/lib/thumb/v7e-m+fp/hard\libc_nano.a(lib_a-mprec.o)
                0x000000000800d190                _Bfree
 .text.__multadd
                0x000000000800d1d4       0x8c c:/programy/stm32cubeide_1.8.0/stm32cubeide/plugins/com.st.stm32cube.ide.mcu.externaltools.gnu-tools-for-stm32.10.3-2021.10.win32_1.0.0.202111181127/tools/bin/../lib/gcc/arm-none-eabi/10.3.1/../../../../arm-none-eabi/lib/thumb/v7e-m+fp/hard\libc_nano.a(lib_a-mprec.o)
                0x000000000800d1d4                __multadd
 .text.__hi0bits
                0x000000000800d260       0x40 c:/programy/stm32cubeide_1.8.0/stm32cubeide/plugins/com.st.stm32cube.ide.mcu.externaltools.gnu-tools-for-stm32.10.3-2021.10.win32_1.0.0.202111181127/tools/bin/../lib/gcc/arm-none-eabi/10.3.1/../../../../arm-none-eabi/lib/thumb/v7e-m+fp/hard\libc_nano.a(lib_a-mprec.o)
                0x000000000800d260                __hi0bits
 .text.__lo0bits
                0x000000000800d2a0       0x5e c:/programy/stm32cubeide_1.8.0/stm32cubeide/plugins/com.st.stm32cube.ide.mcu.externaltools.gnu-tools-for-stm32.10.3-2021.10.win32_1.0.0.202111181127/tools/bin/../lib/gcc/arm-none-eabi/10.3.1/../../../../arm-none-eabi/lib/thumb/v7e-m+fp/hard\libc_nano.a(lib_a-mprec.o)
                0x000000000800d2a0                __lo0bits
 *fill*         0x000000000800d2fe        0x2 
 .text.__i2b    0x000000000800d300       0x2c c:/programy/stm32cubeide_1.8.0/stm32cubeide/plugins/com.st.stm32cube.ide.mcu.externaltools.gnu-tools-for-stm32.10.3-2021.10.win32_1.0.0.202111181127/tools/bin/../lib/gcc/arm-none-eabi/10.3.1/../../../../arm-none-eabi/lib/thumb/v7e-m+fp/hard\libc_nano.a(lib_a-mprec.o)
                0x000000000800d300                __i2b
 .text.__multiply
                0x000000000800d32c      0x154 c:/programy/stm32cubeide_1.8.0/stm32cubeide/plugins/com.st.stm32cube.ide.mcu.externaltools.gnu-tools-for-stm32.10.3-2021.10.win32_1.0.0.202111181127/tools/bin/../lib/gcc/arm-none-eabi/10.3.1/../../../../arm-none-eabi/lib/thumb/v7e-m+fp/hard\libc_nano.a(lib_a-mprec.o)
                0x000000000800d32c                __multiply
 .text.__pow5mult
                0x000000000800d480       0xb4 c:/programy/stm32cubeide_1.8.0/stm32cubeide/plugins/com.st.stm32cube.ide.mcu.externaltools.gnu-tools-for-stm32.10.3-2021.10.win32_1.0.0.202111181127/tools/bin/../lib/gcc/arm-none-eabi/10.3.1/../../../../arm-none-eabi/lib/thumb/v7e-m+fp/hard\libc_nano.a(lib_a-mprec.o)
                0x000000000800d480                __pow5mult
 .text.__lshift
                0x000000000800d534       0xe0 c:/programy/stm32cubeide_1.8.0/stm32cubeide/plugins/com.st.stm32cube.ide.mcu.externaltools.gnu-tools-for-stm32.10.3-2021.10.win32_1.0.0.202111181127/tools/bin/../lib/gcc/arm-none-eabi/10.3.1/../../../../arm-none-eabi/lib/thumb/v7e-m+fp/hard\libc_nano.a(lib_a-mprec.o)
                0x000000000800d534                __lshift
 .text.__mcmp   0x000000000800d614       0x38 c:/programy/stm32cubeide_1.8.0/stm32cubeide/plugins/com.st.stm32cube.ide.mcu.externaltools.gnu-tools-for-stm32.10.3-2021.10.win32_1.0.0.202111181127/tools/bin/../lib/gcc/arm-none-eabi/10.3.1/../../../../arm-none-eabi/lib/thumb/v7e-m+fp/hard\libc_nano.a(lib_a-mprec.o)
                0x000000000800d614                __mcmp
 .text.__mdiff  0x000000000800d64c      0x114 c:/programy/stm32cubeide_1.8.0/stm32cubeide/plugins/com.st.stm32cube.ide.mcu.externaltools.gnu-tools-for-stm32.10.3-2021.10.win32_1.0.0.202111181127/tools/bin/../lib/gcc/arm-none-eabi/10.3.1/../../../../arm-none-eabi/lib/thumb/v7e-m+fp/hard\libc_nano.a(lib_a-mprec.o)
                0x000000000800d64c                __mdiff
 .text.__d2b    0x000000000800d760       0xb8 c:/programy/stm32cubeide_1.8.0/stm32cubeide/plugins/com.st.stm32cube.ide.mcu.externaltools.gnu-tools-for-stm32.10.3-2021.10.win32_1.0.0.202111181127/tools/bin/../lib/gcc/arm-none-eabi/10.3.1/../../../../arm-none-eabi/lib/thumb/v7e-m+fp/hard\libc_nano.a(lib_a-mprec.o)
                0x000000000800d760                __d2b
 .text._calloc_r
                0x000000000800d818       0x2c c:/programy/stm32cubeide_1.8.0/stm32cubeide/plugins/com.st.stm32cube.ide.mcu.externaltools.gnu-tools-for-stm32.10.3-2021.10.win32_1.0.0.202111181127/tools/bin/../lib/gcc/arm-none-eabi/10.3.1/../../../../arm-none-eabi/lib/thumb/v7e-m+fp/hard\libc_nano.a(lib_a-nano-callocr.o)
                0x000000000800d818                _calloc_r
 .text._free_r  0x000000000800d844       0x98 c:/programy/stm32cubeide_1.8.0/stm32cubeide/plugins/com.st.stm32cube.ide.mcu.externaltools.gnu-tools-for-stm32.10.3-2021.10.win32_1.0.0.202111181127/tools/bin/../lib/gcc/arm-none-eabi/10.3.1/../../../../arm-none-eabi/lib/thumb/v7e-m+fp/hard\libc_nano.a(lib_a-nano-freer.o)
                0x000000000800d844                _free_r
 .text.sbrk_aligned
                0x000000000800d8dc       0x40 c:/programy/stm32cubeide_1.8.0/stm32cubeide/plugins/com.st.stm32cube.ide.mcu.externaltools.gnu-tools-for-stm32.10.3-2021.10.win32_1.0.0.202111181127/tools/bin/../lib/gcc/arm-none-eabi/10.3.1/../../../../arm-none-eabi/lib/thumb/v7e-m+fp/hard\libc_nano.a(lib_a-nano-mallocr.o)
 .text._malloc_r
                0x000000000800d91c       0xe8 c:/programy/stm32cubeide_1.8.0/stm32cubeide/plugins/com.st.stm32cube.ide.mcu.externaltools.gnu-tools-for-stm32.10.3-2021.10.win32_1.0.0.202111181127/tools/bin/../lib/gcc/arm-none-eabi/10.3.1/../../../../arm-none-eabi/lib/thumb/v7e-m+fp/hard\libc_nano.a(lib_a-nano-mallocr.o)
                0x000000000800d91c                _malloc_r
 .text.__ssputs_r
                0x000000000800da04       0xb6 c:/programy/stm32cubeide_1.8.0/stm32cubeide/plugins/com.st.stm32cube.ide.mcu.externaltools.gnu-tools-for-stm32.10.3-2021.10.win32_1.0.0.202111181127/tools/bin/../lib/gcc/arm-none-eabi/10.3.1/../../../../arm-none-eabi/lib/thumb/v7e-m+fp/hard\libc_nano.a(lib_a-nano-svfprintf.o)
                0x000000000800da04                __ssputs_r
 *fill*         0x000000000800daba        0x2 
 .text._svfprintf_r
                0x000000000800dabc      0x200 c:/programy/stm32cubeide_1.8.0/stm32cubeide/plugins/com.st.stm32cube.ide.mcu.externaltools.gnu-tools-for-stm32.10.3-2021.10.win32_1.0.0.202111181127/tools/bin/../lib/gcc/arm-none-eabi/10.3.1/../../../../arm-none-eabi/lib/thumb/v7e-m+fp/hard\libc_nano.a(lib_a-nano-svfprintf.o)
                0x000000000800dabc                _svfiprintf_r
                0x000000000800dabc                _svfprintf_r
 .text._sbrk_r  0x000000000800dcbc       0x20 c:/programy/stm32cubeide_1.8.0/stm32cubeide/plugins/com.st.stm32cube.ide.mcu.externaltools.gnu-tools-for-stm32.10.3-2021.10.win32_1.0.0.202111181127/tools/bin/../lib/gcc/arm-none-eabi/10.3.1/../../../../arm-none-eabi/lib/thumb/v7e-m+fp/hard\libc_nano.a(lib_a-sbrkr.o)
                0x000000000800dcbc                _sbrk_r
 .text.__assert_func
                0x000000000800dcdc       0x3c c:/programy/stm32cubeide_1.8.0/stm32cubeide/plugins/com.st.stm32cube.ide.mcu.externaltools.gnu-tools-for-stm32.10.3-2021.10.win32_1.0.0.202111181127/tools/bin/../lib/gcc/arm-none-eabi/10.3.1/../../../../arm-none-eabi/lib/thumb/v7e-m+fp/hard\libc_nano.a(lib_a-assert.o)
                0x000000000800dcdc                __assert_func
 .text.fprintf  0x000000000800dd18       0x24 c:/programy/stm32cubeide_1.8.0/stm32cubeide/plugins/com.st.stm32cube.ide.mcu.externaltools.gnu-tools-for-stm32.10.3-2021.10.win32_1.0.0.202111181127/tools/bin/../lib/gcc/arm-none-eabi/10.3.1/../../../../arm-none-eabi/lib/thumb/v7e-m+fp/hard\libc_nano.a(lib_a-fprintf.o)
                0x000000000800dd18                fiprintf
                0x000000000800dd18                fprintf
 .text.__ascii_mbtowc
                0x000000000800dd3c       0x24 c:/programy/stm32cubeide_1.8.0/stm32cubeide/plugins/com.st.stm32cube.ide.mcu.externaltools.gnu-tools-for-stm32.10.3-2021.10.win32_1.0.0.202111181127/tools/bin/../lib/gcc/arm-none-eabi/10.3.1/../../../../arm-none-eabi/lib/thumb/v7e-m+fp/hard\libc_nano.a(lib_a-mbtowc_r.o)
                0x000000000800dd3c                __ascii_mbtowc
 .text.memmove  0x000000000800dd60       0x34 c:/programy/stm32cubeide_1.8.0/stm32cubeide/plugins/com.st.stm32cube.ide.mcu.externaltools.gnu-tools-for-stm32.10.3-2021.10.win32_1.0.0.202111181127/tools/bin/../lib/gcc/arm-none-eabi/10.3.1/../../../../arm-none-eabi/lib/thumb/v7e-m+fp/hard\libc_nano.a(lib_a-memmove.o)
                0x000000000800dd60                memmove
 .text.__malloc_lock
                0x000000000800dd94        0xc c:/programy/stm32cubeide_1.8.0/stm32cubeide/plugins/com.st.stm32cube.ide.mcu.externaltools.gnu-tools-for-stm32.10.3-2021.10.win32_1.0.0.202111181127/tools/bin/../lib/gcc/arm-none-eabi/10.3.1/../../../../arm-none-eabi/lib/thumb/v7e-m+fp/hard\libc_nano.a(lib_a-mlock.o)
                0x000000000800dd94                __malloc_lock
 .text.__malloc_unlock
                0x000000000800dda0        0xc c:/programy/stm32cubeide_1.8.0/stm32cubeide/plugins/com.st.stm32cube.ide.mcu.externaltools.gnu-tools-for-stm32.10.3-2021.10.win32_1.0.0.202111181127/tools/bin/../lib/gcc/arm-none-eabi/10.3.1/../../../../arm-none-eabi/lib/thumb/v7e-m+fp/hard\libc_nano.a(lib_a-mlock.o)
                0x000000000800dda0                __malloc_unlock
 .text._realloc_r
                0x000000000800ddac       0x5e c:/programy/stm32cubeide_1.8.0/stm32cubeide/plugins/com.st.stm32cube.ide.mcu.externaltools.gnu-tools-for-stm32.10.3-2021.10.win32_1.0.0.202111181127/tools/bin/../lib/gcc/arm-none-eabi/10.3.1/../../../../arm-none-eabi/lib/thumb/v7e-m+fp/hard\libc_nano.a(lib_a-nano-reallocr.o)
                0x000000000800ddac                _realloc_r
 .text.__sfputc_r
                0x000000000800de0a       0x2e c:/programy/stm32cubeide_1.8.0/stm32cubeide/plugins/com.st.stm32cube.ide.mcu.externaltools.gnu-tools-for-stm32.10.3-2021.10.win32_1.0.0.202111181127/tools/bin/../lib/gcc/arm-none-eabi/10.3.1/../../../../arm-none-eabi/lib/thumb/v7e-m+fp/hard\libc_nano.a(lib_a-nano-vfprintf.o)
 .text.__sfputs_r
                0x000000000800de38       0x24 c:/programy/stm32cubeide_1.8.0/stm32cubeide/plugins/com.st.stm32cube.ide.mcu.externaltools.gnu-tools-for-stm32.10.3-2021.10.win32_1.0.0.202111181127/tools/bin/../lib/gcc/arm-none-eabi/10.3.1/../../../../arm-none-eabi/lib/thumb/v7e-m+fp/hard\libc_nano.a(lib_a-nano-vfprintf.o)
                0x000000000800de38                __sfputs_r
 .text._vfprintf_r
                0x000000000800de5c      0x260 c:/programy/stm32cubeide_1.8.0/stm32cubeide/plugins/com.st.stm32cube.ide.mcu.externaltools.gnu-tools-for-stm32.10.3-2021.10.win32_1.0.0.202111181127/tools/bin/../lib/gcc/arm-none-eabi/10.3.1/../../../../arm-none-eabi/lib/thumb/v7e-m+fp/hard\libc_nano.a(lib_a-nano-vfprintf.o)
                0x000000000800de5c                _vfprintf_r
                0x000000000800de5c                _vfiprintf_r
 .text.__swbuf_r
                0x000000000800e0bc       0xa4 c:/programy/stm32cubeide_1.8.0/stm32cubeide/plugins/com.st.stm32cube.ide.mcu.externaltools.gnu-tools-for-stm32.10.3-2021.10.win32_1.0.0.202111181127/tools/bin/../lib/gcc/arm-none-eabi/10.3.1/../../../../arm-none-eabi/lib/thumb/v7e-m+fp/hard\libc_nano.a(lib_a-wbuf.o)
                0x000000000800e0bc                __swbuf_r
 .text.__ascii_wctomb
                0x000000000800e160       0x1a c:/programy/stm32cubeide_1.8.0/stm32cubeide/plugins/com.st.stm32cube.ide.mcu.externaltools.gnu-tools-for-stm32.10.3-2021.10.win32_1.0.0.202111181127/tools/bin/../lib/gcc/arm-none-eabi/10.3.1/../../../../arm-none-eabi/lib/thumb/v7e-m+fp/hard\libc_nano.a(lib_a-wctomb_r.o)
                0x000000000800e160                __ascii_wctomb
 *fill*         0x000000000800e17a        0x2 
 .text.__swsetup_r
                0x000000000800e17c       0xdc c:/programy/stm32cubeide_1.8.0/stm32cubeide/plugins/com.st.stm32cube.ide.mcu.externaltools.gnu-tools-for-stm32.10.3-2021.10.win32_1.0.0.202111181127/tools/bin/../lib/gcc/arm-none-eabi/10.3.1/../../../../arm-none-eabi/lib/thumb/v7e-m+fp/hard\libc_nano.a(lib_a-wsetup.o)
                0x000000000800e17c                __swsetup_r
 .text.abort    0x000000000800e258        0xe c:/programy/stm32cubeide_1.8.0/stm32cubeide/plugins/com.st.stm32cube.ide.mcu.externaltools.gnu-tools-for-stm32.10.3-2021.10.win32_1.0.0.202111181127/tools/bin/../lib/gcc/arm-none-eabi/10.3.1/../../../../arm-none-eabi/lib/thumb/v7e-m+fp/hard\libc_nano.a(lib_a-abort.o)
                0x000000000800e258                abort
 *fill*         0x000000000800e266        0x2 
 .text.__sflush_r
                0x000000000800e268      0x10c c:/programy/stm32cubeide_1.8.0/stm32cubeide/plugins/com.st.stm32cube.ide.mcu.externaltools.gnu-tools-for-stm32.10.3-2021.10.win32_1.0.0.202111181127/tools/bin/../lib/gcc/arm-none-eabi/10.3.1/../../../../arm-none-eabi/lib/thumb/v7e-m+fp/hard\libc_nano.a(lib_a-fflush.o)
                0x000000000800e268                __sflush_r
 .text._fflush_r
                0x000000000800e374       0x78 c:/programy/stm32cubeide_1.8.0/stm32cubeide/plugins/com.st.stm32cube.ide.mcu.externaltools.gnu-tools-for-stm32.10.3-2021.10.win32_1.0.0.202111181127/tools/bin/../lib/gcc/arm-none-eabi/10.3.1/../../../../arm-none-eabi/lib/thumb/v7e-m+fp/hard\libc_nano.a(lib_a-fflush.o)
                0x000000000800e374                _fflush_r
 .text.std      0x000000000800e3ec       0x48 c:/programy/stm32cubeide_1.8.0/stm32cubeide/plugins/com.st.stm32cube.ide.mcu.externaltools.gnu-tools-for-stm32.10.3-2021.10.win32_1.0.0.202111181127/tools/bin/../lib/gcc/arm-none-eabi/10.3.1/../../../../arm-none-eabi/lib/thumb/v7e-m+fp/hard\libc_nano.a(lib_a-findfp.o)
 .text._cleanup_r
                0x000000000800e434        0xc c:/programy/stm32cubeide_1.8.0/stm32cubeide/plugins/com.st.stm32cube.ide.mcu.externaltools.gnu-tools-for-stm32.10.3-2021.10.win32_1.0.0.202111181127/tools/bin/../lib/gcc/arm-none-eabi/10.3.1/../../../../arm-none-eabi/lib/thumb/v7e-m+fp/hard\libc_nano.a(lib_a-findfp.o)
                0x000000000800e434                _cleanup_r
 .text.__sfmoreglue
                0x000000000800e440       0x2c c:/programy/stm32cubeide_1.8.0/stm32cubeide/plugins/com.st.stm32cube.ide.mcu.externaltools.gnu-tools-for-stm32.10.3-2021.10.win32_1.0.0.202111181127/tools/bin/../lib/gcc/arm-none-eabi/10.3.1/../../../../arm-none-eabi/lib/thumb/v7e-m+fp/hard\libc_nano.a(lib_a-findfp.o)
                0x000000000800e440                __sfmoreglue
 .text.__sfp_lock_acquire
                0x000000000800e46c        0xc c:/programy/stm32cubeide_1.8.0/stm32cubeide/plugins/com.st.stm32cube.ide.mcu.externaltools.gnu-tools-for-stm32.10.3-2021.10.win32_1.0.0.202111181127/tools/bin/../lib/gcc/arm-none-eabi/10.3.1/../../../../arm-none-eabi/lib/thumb/v7e-m+fp/hard\libc_nano.a(lib_a-findfp.o)
                0x000000000800e46c                __sfp_lock_acquire
 .text.__sfp_lock_release
                0x000000000800e478        0xc c:/programy/stm32cubeide_1.8.0/stm32cubeide/plugins/com.st.stm32cube.ide.mcu.externaltools.gnu-tools-for-stm32.10.3-2021.10.win32_1.0.0.202111181127/tools/bin/../lib/gcc/arm-none-eabi/10.3.1/../../../../arm-none-eabi/lib/thumb/v7e-m+fp/hard\libc_nano.a(lib_a-findfp.o)
                0x000000000800e478                __sfp_lock_release
 .text.__sinit_lock_acquire
                0x000000000800e484        0xc c:/programy/stm32cubeide_1.8.0/stm32cubeide/plugins/com.st.stm32cube.ide.mcu.externaltools.gnu-tools-for-stm32.10.3-2021.10.win32_1.0.0.202111181127/tools/bin/../lib/gcc/arm-none-eabi/10.3.1/../../../../arm-none-eabi/lib/thumb/v7e-m+fp/hard\libc_nano.a(lib_a-findfp.o)
                0x000000000800e484                __sinit_lock_acquire
 .text.__sinit_lock_release
                0x000000000800e490        0xc c:/programy/stm32cubeide_1.8.0/stm32cubeide/plugins/com.st.stm32cube.ide.mcu.externaltools.gnu-tools-for-stm32.10.3-2021.10.win32_1.0.0.202111181127/tools/bin/../lib/gcc/arm-none-eabi/10.3.1/../../../../arm-none-eabi/lib/thumb/v7e-m+fp/hard\libc_nano.a(lib_a-findfp.o)
                0x000000000800e490                __sinit_lock_release
 .text.__sinit  0x000000000800e49c       0x70 c:/programy/stm32cubeide_1.8.0/stm32cubeide/plugins/com.st.stm32cube.ide.mcu.externaltools.gnu-tools-for-stm32.10.3-2021.10.win32_1.0.0.202111181127/tools/bin/../lib/gcc/arm-none-eabi/10.3.1/../../../../arm-none-eabi/lib/thumb/v7e-m+fp/hard\libc_nano.a(lib_a-findfp.o)
                0x000000000800e49c                __sinit
 .text.__sfp    0x000000000800e50c       0x8c c:/programy/stm32cubeide_1.8.0/stm32cubeide/plugins/com.st.stm32cube.ide.mcu.externaltools.gnu-tools-for-stm32.10.3-2021.10.win32_1.0.0.202111181127/tools/bin/../lib/gcc/arm-none-eabi/10.3.1/../../../../arm-none-eabi/lib/thumb/v7e-m+fp/hard\libc_nano.a(lib_a-findfp.o)
                0x000000000800e50c                __sfp
 .text._fwalk_reent
                0x000000000800e598       0x3e c:/programy/stm32cubeide_1.8.0/stm32cubeide/plugins/com.st.stm32cube.ide.mcu.externaltools.gnu-tools-for-stm32.10.3-2021.10.win32_1.0.0.202111181127/tools/bin/../lib/gcc/arm-none-eabi/10.3.1/../../../../arm-none-eabi/lib/thumb/v7e-m+fp/hard\libc_nano.a(lib_a-fwalk.o)
                0x000000000800e598                _fwalk_reent
 .text.__retarget_lock_init_recursive
                0x000000000800e5d6        0x2 c:/programy/stm32cubeide_1.8.0/stm32cubeide/plugins/com.st.stm32cube.ide.mcu.externaltools.gnu-tools-for-stm32.10.3-2021.10.win32_1.0.0.202111181127/tools/bin/../lib/gcc/arm-none-eabi/10.3.1/../../../../arm-none-eabi/lib/thumb/v7e-m+fp/hard\libc_nano.a(lib_a-lock.o)
                0x000000000800e5d6                __retarget_lock_init_recursive
 .text.__retarget_lock_acquire_recursive
                0x000000000800e5d8        0x2 c:/programy/stm32cubeide_1.8.0/stm32cubeide/plugins/com.st.stm32cube.ide.mcu.externaltools.gnu-tools-for-stm32.10.3-2021.10.win32_1.0.0.202111181127/tools/bin/../lib/gcc/arm-none-eabi/10.3.1/../../../../arm-none-eabi/lib/thumb/v7e-m+fp/hard\libc_nano.a(lib_a-lock.o)
                0x000000000800e5d8                __retarget_lock_acquire_recursive
 .text.__retarget_lock_release_recursive
                0x000000000800e5da        0x2 c:/programy/stm32cubeide_1.8.0/stm32cubeide/plugins/com.st.stm32cube.ide.mcu.externaltools.gnu-tools-for-stm32.10.3-2021.10.win32_1.0.0.202111181127/tools/bin/../lib/gcc/arm-none-eabi/10.3.1/../../../../arm-none-eabi/lib/thumb/v7e-m+fp/hard\libc_nano.a(lib_a-lock.o)
                0x000000000800e5da                __retarget_lock_release_recursive
 .text.__swhatbuf_r
                0x000000000800e5dc       0x4a c:/programy/stm32cubeide_1.8.0/stm32cubeide/plugins/com.st.stm32cube.ide.mcu.externaltools.gnu-tools-for-stm32.10.3-2021.10.win32_1.0.0.202111181127/tools/bin/../lib/gcc/arm-none-eabi/10.3.1/../../../../arm-none-eabi/lib/thumb/v7e-m+fp/hard\libc_nano.a(lib_a-makebuf.o)
                0x000000000800e5dc                __swhatbuf_r
 *fill*         0x000000000800e626        0x2 
 .text.__smakebuf_r
                0x000000000800e628       0x80 c:/programy/stm32cubeide_1.8.0/stm32cubeide/plugins/com.st.stm32cube.ide.mcu.externaltools.gnu-tools-for-stm32.10.3-2021.10.win32_1.0.0.202111181127/tools/bin/../lib/gcc/arm-none-eabi/10.3.1/../../../../arm-none-eabi/lib/thumb/v7e-m+fp/hard\libc_nano.a(lib_a-makebuf.o)
                0x000000000800e628                __smakebuf_r
 .text._malloc_usable_size_r
                0x000000000800e6a8       0x10 c:/programy/stm32cubeide_1.8.0/stm32cubeide/plugins/com.st.stm32cube.ide.mcu.externaltools.gnu-tools-for-stm32.10.3-2021.10.win32_1.0.0.202111181127/tools/bin/../lib/gcc/arm-none-eabi/10.3.1/../../../../arm-none-eabi/lib/thumb/v7e-m+fp/hard\libc_nano.a(lib_a-nano-msizer.o)
                0x000000000800e6a8                _malloc_usable_size_r
 .text._raise_r
                0x000000000800e6b8       0x50 c:/programy/stm32cubeide_1.8.0/stm32cubeide/plugins/com.st.stm32cube.ide.mcu.externaltools.gnu-tools-for-stm32.10.3-2021.10.win32_1.0.0.202111181127/tools/bin/../lib/gcc/arm-none-eabi/10.3.1/../../../../arm-none-eabi/lib/thumb/v7e-m+fp/hard\libc_nano.a(lib_a-signal.o)
                0x000000000800e6b8                _raise_r
 .text.raise    0x000000000800e708       0x10 c:/programy/stm32cubeide_1.8.0/stm32cubeide/plugins/com.st.stm32cube.ide.mcu.externaltools.gnu-tools-for-stm32.10.3-2021.10.win32_1.0.0.202111181127/tools/bin/../lib/gcc/arm-none-eabi/10.3.1/../../../../arm-none-eabi/lib/thumb/v7e-m+fp/hard\libc_nano.a(lib_a-signal.o)
                0x000000000800e708                raise
 .text._kill_r  0x000000000800e718       0x24 c:/programy/stm32cubeide_1.8.0/stm32cubeide/plugins/com.st.stm32cube.ide.mcu.externaltools.gnu-tools-for-stm32.10.3-2021.10.win32_1.0.0.202111181127/tools/bin/../lib/gcc/arm-none-eabi/10.3.1/../../../../arm-none-eabi/lib/thumb/v7e-m+fp/hard\libc_nano.a(lib_a-signalr.o)
                0x000000000800e718                _kill_r
 .text._getpid_r
                0x000000000800e73c        0x4 c:/programy/stm32cubeide_1.8.0/stm32cubeide/plugins/com.st.stm32cube.ide.mcu.externaltools.gnu-tools-for-stm32.10.3-2021.10.win32_1.0.0.202111181127/tools/bin/../lib/gcc/arm-none-eabi/10.3.1/../../../../arm-none-eabi/lib/thumb/v7e-m+fp/hard\libc_nano.a(lib_a-signalr.o)
                0x000000000800e73c                _getpid_r
 .text.__sread  0x000000000800e740       0x22 c:/programy/stm32cubeide_1.8.0/stm32cubeide/plugins/com.st.stm32cube.ide.mcu.externaltools.gnu-tools-for-stm32.10.3-2021.10.win32_1.0.0.202111181127/tools/bin/../lib/gcc/arm-none-eabi/10.3.1/../../../../arm-none-eabi/lib/thumb/v7e-m+fp/hard\libc_nano.a(lib_a-stdio.o)
                0x000000000800e740                __sread
 .text.__swrite
                0x000000000800e762       0x38 c:/programy/stm32cubeide_1.8.0/stm32cubeide/plugins/com.st.stm32cube.ide.mcu.externaltools.gnu-tools-for-stm32.10.3-2021.10.win32_1.0.0.202111181127/tools/bin/../lib/gcc/arm-none-eabi/10.3.1/../../../../arm-none-eabi/lib/thumb/v7e-m+fp/hard\libc_nano.a(lib_a-stdio.o)
                0x000000000800e762                __swrite
 .text.__sseek  0x000000000800e79a       0x24 c:/programy/stm32cubeide_1.8.0/stm32cubeide/plugins/com.st.stm32cube.ide.mcu.externaltools.gnu-tools-for-stm32.10.3-2021.10.win32_1.0.0.202111181127/tools/bin/../lib/gcc/arm-none-eabi/10.3.1/../../../../arm-none-eabi/lib/thumb/v7e-m+fp/hard\libc_nano.a(lib_a-stdio.o)
                0x000000000800e79a                __sseek
 .text.__sclose
                0x000000000800e7be        0x8 c:/programy/stm32cubeide_1.8.0/stm32cubeide/plugins/com.st.stm32cube.ide.mcu.externaltools.gnu-tools-for-stm32.10.3-2021.10.win32_1.0.0.202111181127/tools/bin/../lib/gcc/arm-none-eabi/10.3.1/../../../../arm-none-eabi/lib/thumb/v7e-m+fp/hard\libc_nano.a(lib_a-stdio.o)
                0x000000000800e7be                __sclose
 *fill*         0x000000000800e7c6        0x2 
 .text._write_r
                0x000000000800e7c8       0x24 c:/programy/stm32cubeide_1.8.0/stm32cubeide/plugins/com.st.stm32cube.ide.mcu.externaltools.gnu-tools-for-stm32.10.3-2021.10.win32_1.0.0.202111181127/tools/bin/../lib/gcc/arm-none-eabi/10.3.1/../../../../arm-none-eabi/lib/thumb/v7e-m+fp/hard\libc_nano.a(lib_a-writer.o)
                0x000000000800e7c8                _write_r
 .text._close_r
                0x000000000800e7ec       0x20 c:/programy/stm32cubeide_1.8.0/stm32cubeide/plugins/com.st.stm32cube.ide.mcu.externaltools.gnu-tools-for-stm32.10.3-2021.10.win32_1.0.0.202111181127/tools/bin/../lib/gcc/arm-none-eabi/10.3.1/../../../../arm-none-eabi/lib/thumb/v7e-m+fp/hard\libc_nano.a(lib_a-closer.o)
                0x000000000800e7ec                _close_r
 .text._fstat_r
                0x000000000800e80c       0x24 c:/programy/stm32cubeide_1.8.0/stm32cubeide/plugins/com.st.stm32cube.ide.mcu.externaltools.gnu-tools-for-stm32.10.3-2021.10.win32_1.0.0.202111181127/tools/bin/../lib/gcc/arm-none-eabi/10.3.1/../../../../arm-none-eabi/lib/thumb/v7e-m+fp/hard\libc_nano.a(lib_a-fstatr.o)
                0x000000000800e80c                _fstat_r
 .text._isatty_r
                0x000000000800e830       0x20 c:/programy/stm32cubeide_1.8.0/stm32cubeide/plugins/com.st.stm32cube.ide.mcu.externaltools.gnu-tools-for-stm32.10.3-2021.10.win32_1.0.0.202111181127/tools/bin/../lib/gcc/arm-none-eabi/10.3.1/../../../../arm-none-eabi/lib/thumb/v7e-m+fp/hard\libc_nano.a(lib_a-isattyr.o)
                0x000000000800e830                _isatty_r
 .text._lseek_r
                0x000000000800e850       0x24 c:/programy/stm32cubeide_1.8.0/stm32cubeide/plugins/com.st.stm32cube.ide.mcu.externaltools.gnu-tools-for-stm32.10.3-2021.10.win32_1.0.0.202111181127/tools/bin/../lib/gcc/arm-none-eabi/10.3.1/../../../../arm-none-eabi/lib/thumb/v7e-m+fp/hard\libc_nano.a(lib_a-lseekr.o)
                0x000000000800e850                _lseek_r
 .text._read_r  0x000000000800e874       0x24 c:/programy/stm32cubeide_1.8.0/stm32cubeide/plugins/com.st.stm32cube.ide.mcu.externaltools.gnu-tools-for-stm32.10.3-2021.10.win32_1.0.0.202111181127/tools/bin/../lib/gcc/arm-none-eabi/10.3.1/../../../../arm-none-eabi/lib/thumb/v7e-m+fp/hard\libc_nano.a(lib_a-readr.o)
                0x000000000800e874                _read_r
 .text.roundf   0x000000000800e898       0x48 c:/programy/stm32cubeide_1.8.0/stm32cubeide/plugins/com.st.stm32cube.ide.mcu.externaltools.gnu-tools-for-stm32.10.3-2021.10.win32_1.0.0.202111181127/tools/bin/../lib/gcc/arm-none-eabi/10.3.1/../../../../arm-none-eabi/lib/thumb/v7e-m+fp/hard\libm.a(lib_a-sf_round.o)
                0x000000000800e898                roundf
 *(.glue_7)
 .glue_7        0x000000000800e8e0        0x0 linker stubs
 *(.glue_7t)
 .glue_7t       0x000000000800e8e0        0x0 linker stubs
 *(.eh_frame)
 .eh_frame      0x000000000800e8e0        0x0 c:/programy/stm32cubeide_1.8.0/stm32cubeide/plugins/com.st.stm32cube.ide.mcu.externaltools.gnu-tools-for-stm32.10.3-2021.10.win32_1.0.0.202111181127/tools/bin/../lib/gcc/arm-none-eabi/10.3.1/thumb/v7e-m+fp/hard/crtbegin.o
 *(.init)
 .init          0x000000000800e8e0        0x4 c:/programy/stm32cubeide_1.8.0/stm32cubeide/plugins/com.st.stm32cube.ide.mcu.externaltools.gnu-tools-for-stm32.10.3-2021.10.win32_1.0.0.202111181127/tools/bin/../lib/gcc/arm-none-eabi/10.3.1/thumb/v7e-m+fp/hard/crti.o
                0x000000000800e8e0                _init
 .init          0x000000000800e8e4        0x8 c:/programy/stm32cubeide_1.8.0/stm32cubeide/plugins/com.st.stm32cube.ide.mcu.externaltools.gnu-tools-for-stm32.10.3-2021.10.win32_1.0.0.202111181127/tools/bin/../lib/gcc/arm-none-eabi/10.3.1/thumb/v7e-m+fp/hard/crtn.o
 *(.fini)
 .fini          0x000000000800e8ec        0x4 c:/programy/stm32cubeide_1.8.0/stm32cubeide/plugins/com.st.stm32cube.ide.mcu.externaltools.gnu-tools-for-stm32.10.3-2021.10.win32_1.0.0.202111181127/tools/bin/../lib/gcc/arm-none-eabi/10.3.1/thumb/v7e-m+fp/hard/crti.o
                0x000000000800e8ec                _fini
 .fini          0x000000000800e8f0        0x8 c:/programy/stm32cubeide_1.8.0/stm32cubeide/plugins/com.st.stm32cube.ide.mcu.externaltools.gnu-tools-for-stm32.10.3-2021.10.win32_1.0.0.202111181127/tools/bin/../lib/gcc/arm-none-eabi/10.3.1/thumb/v7e-m+fp/hard/crtn.o
                0x000000000800e8f8                . = ALIGN (0x4)
                0x000000000800e8f8                _etext = .

.vfp11_veneer   0x000000000800e8f8        0x0
 .vfp11_veneer  0x000000000800e8f8        0x0 linker stubs

.v4_bx          0x000000000800e8f8        0x0
 .v4_bx         0x000000000800e8f8        0x0 linker stubs

.iplt           0x000000000800e8f8        0x0
 .iplt          0x000000000800e8f8        0x0 c:/programy/stm32cubeide_1.8.0/stm32cubeide/plugins/com.st.stm32cube.ide.mcu.externaltools.gnu-tools-for-stm32.10.3-2021.10.win32_1.0.0.202111181127/tools/bin/../lib/gcc/arm-none-eabi/10.3.1/thumb/v7e-m+fp/hard/crtbegin.o

.rodata         0x000000000800e8f8      0x7e4
                0x000000000800e8f8                . = ALIGN (0x4)
 *(.rodata)
 .rodata        0x000000000800e8f8       0xc4 ./Core/Src/main.o
 .rodata        0x000000000800e9bc       0x44 ./Middlewares/Third_Party/FatFs/src/ff.o
 *(.rodata*)
 .rodata.initcmd
                0x000000000800ea00       0x6f ./Core/Src/My_library/ILI9341.o
 *fill*         0x000000000800ea6f        0x1 
 .rodata.font_8x5
                0x000000000800ea70      0x1dd ./Core/Src/main.o
                0x000000000800ea70                font_8x5
 *fill*         0x000000000800ec4d        0x3 
 .rodata.AHBPrescTable
                0x000000000800ec50       0x10 ./Core/Src/system_stm32f4xx.o
                0x000000000800ec50                AHBPrescTable
 .rodata.APBPrescTable
                0x000000000800ec60        0x8 ./Core/Src/system_stm32f4xx.o
                0x000000000800ec60                APBPrescTable
 .rodata.flagBitshiftOffset.0
                0x000000000800ec68        0x8 ./Drivers/STM32F4xx_HAL_Driver/Src/stm32f4xx_hal_dma.o
 .rodata.SD_Driver
                0x000000000800ec70       0x14 ./FATFS/Target/sd_diskio.o
                0x000000000800ec70                SD_Driver
 .rodata.ExCvt  0x000000000800ec84       0x80 ./Middlewares/Third_Party/FatFs/src/ff.o
 .rodata._global_impure_ptr
                0x000000000800ed04        0x4 c:/programy/stm32cubeide_1.8.0/stm32cubeide/plugins/com.st.stm32cube.ide.mcu.externaltools.gnu-tools-for-stm32.10.3-2021.10.win32_1.0.0.202111181127/tools/bin/../lib/gcc/arm-none-eabi/10.3.1/../../../../arm-none-eabi/lib/thumb/v7e-m+fp/hard\libc_nano.a(lib_a-impure.o)
                0x000000000800ed04                _global_impure_ptr
 .rodata._printf_float.str1.1
                0x000000000800ed08       0x12 c:/programy/stm32cubeide_1.8.0/stm32cubeide/plugins/com.st.stm32cube.ide.mcu.externaltools.gnu-tools-for-stm32.10.3-2021.10.win32_1.0.0.202111181127/tools/bin/../lib/gcc/arm-none-eabi/10.3.1/../../../../arm-none-eabi/lib/thumb/v7e-m+fp/hard\libc_nano.a(lib_a-nano-vfprintf_float.o)
 .rodata._printf_i.str1.1